Component: ARM Compiler 5.06 update 7 (build 960) Tool: armlink [4d3601]

==============================================================================

Section Cross References

    main.o(.text) refers to misc.o(.text) for NVIC_PriorityGroupConfig
    main.o(.text) refers to systick.o(.text) for DELAY_Init
    main.o(.text) refers to motorcontrol.o(.text) for PARAM_Init
    main.o(.text) refers to gpioinit.o(.text) for GPIO_COM_Init
    main.o(.text) refers to timerinit.o(.text) for TIM1_PWM_Init
    main.o(.text) refers to adcinit.o(.text) for ADC_DMA_Init
    main.o(.text) refers to usartinit.o(.text) for USART1_Init
    main.o(.text) refers to addfunction.o(.text) for MOSSHORT_Check
    main.o(.text) refers to dflt_clz.o(x$fpl$dflt) for __aeabi_i2d
    main.o(.text) refers to ddiv.o(x$fpl$ddiv) for __aeabi_ddiv
    main.o(.text) refers to dfixu.o(x$fpl$dfixu) for __aeabi_d2uiz
    main.o(.text) refers to stm32f10x_usart.o(.text) for USART_SendData
    main.o(.text) refers to adcinit.o(.bss) for ADC_Data
    main.o(.text) refers to addfunction.o(.data) for OFFSET_I
    main.o(.text) refers to motorcontrol.o(.bss) for MC
    motorcontrol.o(.text) refers to stm32f10x_tim.o(.text) for TIM_SetCompare1
    motorcontrol.o(.text) refers to stm32f10x_gpio.o(.text) for GPIO_ResetBits
    motorcontrol.o(.text) refers to systick.o(.text) for delay_ms
    motorcontrol.o(.text) refers to fflt_clz.o(x$fpl$ffltu) for __aeabi_ui2f
    motorcontrol.o(.text) refers to fmul.o(x$fpl$fmul) for __aeabi_fmul
    motorcontrol.o(.text) refers to ffixu.o(x$fpl$ffixu) for __aeabi_f2uiz
    motorcontrol.o(.text) refers to motorcontrol.o(.bss) for MC
    motorcontrol.o(.text) refers to adcinit.o(.bss) for ADC_Data
    addfunction.o(.text) refers to stm32f10x_tim.o(.text) for TIM_SetCompare1
    addfunction.o(.text) refers to stm32f10x_gpio.o(.text) for GPIO_ResetBits
    addfunction.o(.text) refers to gpioinit.o(.text) for LED_Blink
    addfunction.o(.text) refers to adcinit.o(.bss) for ADC_Data
    addfunction.o(.text) refers to motorcontrol.o(.bss) for MC
    addfunction.o(.text) refers to systick.o(.text) for delay_us
    addfunction.o(.text) refers to dflt_clz.o(x$fpl$dflt) for __aeabi_i2d
    addfunction.o(.text) refers to ddiv.o(x$fpl$ddiv) for __aeabi_ddiv
    addfunction.o(.text) refers to dfixu.o(x$fpl$dfixu) for __aeabi_d2uiz
    addfunction.o(.text) refers to addfunction.o(.data) for OFFSET_A
    stm32f10x_it.o(.text) refers to stm32f10x_tim.o(.text) for TIM_GetITStatus
    stm32f10x_it.o(.text) refers to stm32f10x_gpio.o(.text) for GPIO_SetBits
    stm32f10x_it.o(.text) refers to motorcontrol.o(.text) for ZCD_C_DOWN
    stm32f10x_it.o(.text) refers to dflt_clz.o(x$fpl$dfltu) for __aeabi_ui2d
    stm32f10x_it.o(.text) refers to dmul.o(x$fpl$dmul) for __aeabi_dmul
    stm32f10x_it.o(.text) refers to daddsub_clz.o(x$fpl$dadd) for __aeabi_dadd
    stm32f10x_it.o(.text) refers to dfixu.o(x$fpl$dfixu) for __aeabi_d2uiz
    stm32f10x_it.o(.text) refers to stm32f10x_usart.o(.text) for USART_GetITStatus
    stm32f10x_it.o(.text) refers to motorcontrol.o(.bss) for MC
    stm32f10x_it.o(.text) refers to stm32f10x_it.o(.data) for ED360_CNT
    system_stm32f10x.o(.text) refers to system_stm32f10x.o(.data) for SystemCoreClock
    startup_stm32f10x_ld.o(STACK) refers (Special) to heapauxi.o(.text) for __use_two_region_memory
    startup_stm32f10x_ld.o(HEAP) refers (Special) to heapauxi.o(.text) for __use_two_region_memory
    startup_stm32f10x_ld.o(RESET) refers (Special) to heapauxi.o(.text) for __use_two_region_memory
    startup_stm32f10x_ld.o(RESET) refers to startup_stm32f10x_ld.o(STACK) for __initial_sp
    startup_stm32f10x_ld.o(RESET) refers to startup_stm32f10x_ld.o(.text) for Reset_Handler
    startup_stm32f10x_ld.o(RESET) refers to stm32f10x_it.o(.text) for NMI_Handler
    startup_stm32f10x_ld.o(.text) refers (Special) to heapauxi.o(.text) for __use_two_region_memory
    startup_stm32f10x_ld.o(.text) refers to system_stm32f10x.o(.text) for SystemInit
    startup_stm32f10x_ld.o(.text) refers to __main.o(!!!main) for __main
    startup_stm32f10x_ld.o(.text) refers to startup_stm32f10x_ld.o(HEAP) for Heap_Mem
    startup_stm32f10x_ld.o(.text) refers to startup_stm32f10x_ld.o(STACK) for Stack_Mem
    stm32f10x_adc.o(.text) refers to stm32f10x_rcc.o(.text) for RCC_APB2PeriphResetCmd
    stm32f10x_bkp.o(.text) refers to stm32f10x_rcc.o(.text) for RCC_BackupResetCmd
    stm32f10x_can.o(.text) refers to stm32f10x_rcc.o(.text) for RCC_APB1PeriphResetCmd
    stm32f10x_cec.o(.text) refers to stm32f10x_rcc.o(.text) for RCC_APB1PeriphResetCmd
    stm32f10x_dac.o(.text) refers to stm32f10x_rcc.o(.text) for RCC_APB1PeriphResetCmd
    stm32f10x_gpio.o(.text) refers to stm32f10x_rcc.o(.text) for RCC_APB2PeriphResetCmd
    stm32f10x_i2c.o(.text) refers to stm32f10x_rcc.o(.text) for RCC_APB1PeriphResetCmd
    stm32f10x_pwr.o(.text) refers to stm32f10x_rcc.o(.text) for RCC_APB1PeriphResetCmd
[...]
    sys_stackheap_outer.o(.text) refers to startup_stm32f10x_ld.o(.text) for __user_initial_stackheap
    exit.o(.text) refers to rtexit.o(.ARM.Collect$$rtexit$$00000000) for __rt_exit
    libinit.o(.ARM.Collect$$libinit$$00000000) refers (Special) to libinit2.o(.ARM.Collect$$libinit$$0000002E) for __rt_lib_init_alloca_1
    libinit.o(.ARM.Collect$$libinit$$00000000) refers (Special) to libinit2.o(.ARM.Collect$$libinit$$0000002C) for __rt_lib_init_argv_1
    libinit.o(.ARM.Collect$$libinit$$00000000) refers (Special) to libinit2.o(.ARM.Collect$$libinit$$0000001B) for __rt_lib_init_atexit_1
    libinit.o(.ARM.Collect$$libinit$$00000000) refers (Special) to libinit2.o(.ARM.Collect$$libinit$$00000021) for __rt_lib_init_clock_1
    libinit.o(.ARM.Collect$$libinit$$00000000) refers (Special) to libinit2.o(.ARM.Collect$$libinit$$00000032) for __rt_lib_init_cpp_1
    libinit.o(.ARM.Collect$$libinit$$00000000) refers (Special) to libinit2.o(.ARM.Collect$$libinit$$00000030) for __rt_lib_init_exceptions_1
    libinit.o(.ARM.Collect$$libinit$$00000000) refers (Special) to libinit2.o(.ARM.Collect$$libinit$$00000002) for __rt_lib_init_fp_1
    libinit.o(.ARM.Collect$$libinit$$00000000) refers (Special) to libinit2.o(.ARM.Collect$$libinit$$0000001F) for __rt_lib_init_fp_trap_1
    libinit.o(.ARM.Collect$$libinit$$00000000) refers (Special) to libinit2.o(.ARM.Collect$$libinit$$00000023) for __rt_lib_init_getenv_1
    libinit.o(.ARM.Collect$$libinit$$00000000) refers (Special) to libinit2.o(.ARM.Collect$$libinit$$0000000A) for __rt_lib_init_heap_1
    libinit.o(.ARM.Collect$$libinit$$00000000) refers (Special) to libinit2.o(.ARM.Collect$$libinit$$00000011) for __rt_lib_init_lc_collate_1
    libinit.o(.ARM.Collect$$libinit$$00000000) refers (Special) to libinit2.o(.ARM.Collect$$libinit$$00000013) for __rt_lib_init_lc_ctype_1
    libinit.o(.ARM.Collect$$libinit$$00000000) refers (Special) to libinit2.o(.ARM.Collect$$libinit$$00000015) for __rt_lib_init_lc_monetary_1
    libinit.o(.ARM.Collect$$libinit$$00000000) refers (Special) to libinit2.o(.ARM.Collect$$libinit$$00000017) for __rt_lib_init_lc_numeric_1
    libinit.o(.ARM.Collect$$libinit$$00000000) refers (Special) to libinit2.o(.ARM.Collect$$libinit$$00000019) for __rt_lib_init_lc_time_1
    libinit.o(.ARM.Collect$$libinit$$00000000) refers (Special) to libinit2.o(.ARM.Collect$$libinit$$00000004) for __rt_lib_init_preinit_1
    libinit.o(.ARM.Collect$$libinit$$00000000) refers (Special) to libinit2.o(.ARM.Collect$$libinit$$0000000E) for __rt_lib_init_rand_1
    libinit.o(.ARM.Collect$$libinit$$00000000) refers (Special) to libinit2.o(.ARM.Collect$$libinit$$00000033) for __rt_lib_init_return
    libinit.o(.ARM.Collect$$libinit$$00000000) refers (Special) to libinit2.o(.ARM.Collect$$libinit$$0000001D) for __rt_lib_init_signal_1
    libinit.o(.ARM.Collect$$libinit$$00000000) refers (Special) to libinit2.o(.ARM.Collect$$libinit$$00000025) for __rt_lib_init_stdio_1
    libinit.o(.ARM.Collect$$libinit$$00000000) refers (Special) to libinit2.o(.ARM.Collect$$libinit$$0000000C) for __rt_lib_init_user_alloc_1
    libspace.o(.text) refers to libspace.o(.bss) for __libspace_start
    rtexit.o(.ARM.Collect$$rtexit$$00000000) refers (Special) to rtexit2.o(.ARM.Collect$$rtexit$$00000004) for __rt_exit_exit
    rtexit.o(.ARM.Collect$$rtexit$$00000000) refers (Special) to rtexit2.o(.ARM.Collect$$rtexit$$00000003) for __rt_exit_ls
    rtexit.o(.ARM.Collect$$rtexit$$00000000) refers (Special) to rtexit2.o(.ARM.Collect$$rtexit$$00000002) for __rt_exit_prels_1
    rtexit.o(.ARM.exidx) refers (Special) to rtexit2.o(.ARM.Collect$$rtexit$$00000004) for __rt_exit_exit
    rtexit.o(.ARM.exidx) refers (Special) to rtexit2.o(.ARM.Collect$$rtexit$$00000003) for __rt_exit_ls
    rtexit.o(.ARM.exidx) refers (Special) to rtexit2.o(.ARM.Collect$$rtexit$$00000002) for __rt_exit_prels_1
    rtexit.o(.ARM.exidx) refers to rtexit.o(.ARM.Collect$$rtexit$$00000000) for .ARM.Collect$$rtexit$$00000000
    libinit2.o(.ARM.Collect$$libinit$$00000010) refers to libinit2.o(.ARM.Collect$$libinit$$0000000F) for .ARM.Collect$$libinit$$0000000F
    libinit2.o(.ARM.Collect$$libinit$$00000012) refers to libinit2.o(.ARM.Collect$$libinit$$0000000F) for .ARM.Collect$$libinit$$0000000F
    libinit2.o(.ARM.Collect$$libinit$$00000014) refers to libinit2.o(.ARM.Collect$$libinit$$0000000F) for .ARM.Collect$$libinit$$0000000F
    libinit2.o(.ARM.Collect$$libinit$$00000016) refers to libinit2.o(.ARM.Collect$$libinit$$0000000F) for .ARM.Collect$$libinit$$0000000F
    libinit2.o(.ARM.Collect$$libinit$$00000018) refers to libinit2.o(.ARM.Collect$$libinit$$0000000F) for .ARM.Collect$$libinit$$0000000F
    libinit2.o(.ARM.Collect$$libinit$$00000026) refers to argv_veneer.o(.emb_text) for __ARM_argv_veneer
    libinit2.o(.ARM.Collect$$libinit$$00000027) refers to argv_veneer.o(.emb_text) for __ARM_argv_veneer
    rtexit2.o(.ARM.Collect$$rtexit$$00000003) refers to libshutdown.o(.ARM.Collect$$libshutdown$$00000000) for __rt_lib_shutdown
    rtexit2.o(.ARM.Collect$$rtexit$$00000004) refers to sys_exit.o(.text) for _sys_exit
    rtexit2.o(.ARM.exidx) refers to rtexit2.o(.ARM.Collect$$rtexit$$00000001) for .ARM.Collect$$rtexit$$00000001
    rtexit2.o(.ARM.exidx) refers to rtexit2.o(.ARM.Collect$$rtexit$$00000003) for .ARM.Collect$$rtexit$$00000003
    rtexit2.o(.ARM.exidx) refers to rtexit2.o(.ARM.Collect$$rtexit$$00000004) for .ARM.Collect$$rtexit$$00000004
    argv_veneer.o(.emb_text) refers to no_argv.o(.text) for __ARM_get_argv
    sys_exit.o(.text) refers (Special) to use_no_semi.o(.text) for __I$use$semihosting
    sys_exit.o(.text) refers (Special) to indicate_semi.o(.text) for __semihosting_library_function
    _get_argv_nomalloc.o(.text) refers (Special) to hrguard.o(.text) for __heap_region$guard
    _get_argv_nomalloc.o(.text) refers to defsig_rtmem_outer.o(.text) for __rt_SIGRTMEM
    _get_argv_nomalloc.o(.text) refers to sys_command.o(.text) for _sys_command_string
    libshutdown.o(.ARM.Collect$$libshutdown$$00000000) refers (Special) to libshutdown2.o(.ARM.Collect$$libshutdown$$00000004) for __rt_lib_shutdown_cpp_1
    libshutdown.o(.ARM.Collect$$libshutdown$$00000000) refers (Special) to libshutdown2.o(.ARM.Collect$$libshutdown$$00000002) for __rt_lib_shutdown_fini_1
    libshutdown.o(.ARM.Collect$$libshutdown$$00000000) refers (Special) to libshutdown2.o(.ARM.Collect$$libshutdown$$00000009) for __rt_lib_shutdown_fp_trap_1
    libshutdown.o(.ARM.Collect$$libshutdown$$00000000) refers (Special) to libshutdown2.o(.ARM.Collect$$libshutdown$$00000011) for __rt_lib_shutdown_heap_1
    libshutdown.o(.ARM.Collect$$libshutdown$$00000000) refers (Special) to libshutdown2.o(.ARM.Collect$$libshutdown$$00000012) for __rt_lib_shutdown_return
    libshutdown.o(.ARM.Collect$$libshutdown$$00000000) refers (Special) to libshutdown2.o(.ARM.Collect$$libshutdown$$0000000C) for __rt_lib_shutdown_signal_1
    libshutdown.o(.ARM.Collect$$libshutdown$$00000000) refers (Special) to libshutdown2.o(.ARM.Collect$$libshutdown$$00000006) for __rt_lib_shutdown_stdio_1
    libshutdown.o(.ARM.Collect$$libshutdown$$00000000) refers (Special) to libshutdown2.o(.ARM.Collect$$libshutdown$$0000000E) for __rt_lib_shutdown_user_alloc_1
    sys_command.o(.text) refers (Special) to use_no_semi.o(.text) for __I$use$semihosting
    sys_command.o(.text) refers (Special) to indicate_semi.o(.text) for __semihosting_library_function
    defsig_rtmem_outer.o(.text) refers to defsig_rtmem_inner.o(.text) for __rt_SIGRTMEM_inner
    defsig_rtmem_outer.o(.text) refers to defsig_exit.o(.text) for __sig_exit
    defsig_rtmem_formal.o(.text) refers to rt_raise.o(.text) for __rt_raise
    rt_raise.o(.text) refers to __raise.o(.text) for __raise
    rt_raise.o(.text) refers to sys_exit.o(.text) for _sys_exit
    defsig_exit.o(.text) refers to sys_exit.o(.text) for _sys_exit
    defsig_rtmem_inner.o(.text) refers to defsig_general.o(.text) for __default_signal_display
    __raise.o(.text) refers to defsig.o(CL$$defsig) for __default_signal_handler
    defsig_general.o(.text) refers to sys_wrch.o(.text) for _ttywrch
    sys_wrch.o(.text) refers (Special) to use_no_semi.o(.text) for __I$use$semihosting
    sys_wrch.o(.text) refers (Special) to indicate_semi.o(.text) for __semihosting_library_function
    defsig.o(CL$$defsig) refers to defsig_rtmem_inner.o(.text) for __rt_SIGRTMEM_inner
    defsig_abrt_inner.o(.text) refers to defsig_general.o(.text) for __default_signal_display
    defsig_fpe_inner.o(.text) refers to defsig_general.o(.text) for __default_signal_display
    defsig_rtred_inner.o(.text) refers to defsig_general.o(.text) for __default_signal_display
    defsig_stak_inner.o(.text) refers to defsig_general.o(.text) for __default_signal_display
    defsig_pvfn_inner.o(.text) refers to defsig_general.o(.text) for __default_signal_display
    defsig_cppl_inner.o(.text) refers to defsig_general.o(.text) for __default_signal_display
    defsig_segv_inner.o(.text) refers to defsig_general.o(.text) for __default_signal_display
    defsig_other.o(.text) refers to defsig_general.o(.text) for __default_signal_display


==============================================================================

Removing Unused input sections from the image.

    Removing core_cm3.o(.emb_text), (32 bytes).
    Removing stm32f10x_bkp.o(.text), (196 bytes).
    Removing stm32f10x_can.o(.text), (2544 bytes).
    Removing stm32f10x_cec.o(.text), (288 bytes).
    Removing stm32f10x_crc.o(.text), (72 bytes).
    Removing stm32f10x_dac.o(.text), (396 bytes).
    Removing stm32f10x_dbgmcu.o(.text), (48 bytes).
    Removing stm32f10x_exti.o(.text), (284 bytes).
    Removing stm32f10x_flash.o(.text), (1468 bytes).
    Removing stm32f10x_fsmc.o(.text), (1548 bytes).
    Removing stm32f10x_i2c.o(.text), (1028 bytes).
    Removing stm32f10x_iwdg.o(.text), (64 bytes).
    Removing stm32f10x_pwr.o(.text), (204 bytes).
    Removing stm32f10x_rtc.o(.text), (328 bytes).
    Removing stm32f10x_sdio.o(.text), (468 bytes).
    Removing stm32f10x_spi.o(.text), (780 bytes).
    Removing stm32f10x_wwdg.o(.text), (136 bytes).

17 unused section(s) (total 9884 bytes) removed from the image.

==============================================================================

Image Symbol Table

    Local Symbols

    Symbol Name                              Value     Ov Type        Size  Object(Section)

    ../clib/angel/boardlib.s                 0x00000000   Number         0  boardshut.o ABSOLUTE
    ../clib/angel/boardlib.s                 0x00000000   Number         0  boardinit1.o ABSOLUTE
    ../clib/angel/boardlib.s                 0x00000000   Number         0  boardinit2.o ABSOLUTE
    ../clib/angel/boardlib.s                 0x00000000   Number         0  boardinit3.o ABSOLUTE
    ../clib/angel/handlers.s                 0x00000000   Number         0  __scatter_copy.o ABSOLUTE
    ../clib/angel/handlers.s                 0x00000000   Number         0  __scatter_zi.o ABSOLUTE
    ../clib/angel/kernel.s                   0x00000000   Number         0  rtexit.o ABSOLUTE
    ../clib/angel/kernel.s                   0x00000000   Number         0  __rtentry.o ABSOLUTE
    ../clib/angel/kernel.s                   0x00000000   Number         0  __rtentry2.o ABSOLUTE
    ../clib/angel/kernel.s                   0x00000000   Number         0  __rtentry4.o ABSOLUTE
    ../clib/angel/kernel.s                   0x00000000   Number         0  rtexit2.o ABSOLUTE
    ../clib/angel/rt.s                       0x00000000   Number         0  rt_raise.o ABSOLUTE
    ../clib/angel/scatter.s                  0x00000000   Number         0  __scatter.o ABSOLUTE
    ../clib/angel/startup.s                  0x00000000   Number         0  __main.o ABSOLUTE
    ../clib/angel/sys.s                      0x00000000   Number         0  indicate_semi.o ABSOLUTE
    ../clib/angel/sys.s                      0x00000000   Number         0  sys_stackheap_outer.o ABSOLUTE
    ../clib/angel/sys.s                      0x00000000   Number         0  use_no_semi.o ABSOLUTE
    ../clib/angel/sys.s                      0x00000000   Number         0  libspace.o ABSOLUTE
    ../clib/angel/sysapp.c                   0x00000000   Number         0  sys_wrch.o ABSOLUTE
    ../clib/angel/sysapp.c                   0x00000000   Number         0  sys_exit.o ABSOLUTE
    ../clib/angel/sysapp.c                   0x00000000   Number         0  sys_command.o ABSOLUTE
    ../clib/armsys.c                         0x00000000   Number         0  argv_veneer.o ABSOLUTE
    ../clib/armsys.c                         0x00000000   Number         0  argv_veneer.o ABSOLUTE
    ../clib/armsys.c                         0x00000000   Number         0  no_argv.o ABSOLUTE
    ../clib/armsys.c                         0x00000000   Number         0  _get_argv_nomalloc.o ABSOLUTE
    ../clib/heapalloc.c                      0x00000000   Number         0  hrguard.o ABSOLUTE
    ../clib/heapaux.c                        0x00000000   Number         0  heapauxi.o ABSOLUTE
    ../clib/libinit.s                        0x00000000   Number         0  libinit2.o ABSOLUTE
    ../clib/libinit.s                        0x00000000   Number         0  libshutdown2.o ABSOLUTE
    ../clib/libinit.s                        0x00000000   Number         0  libinit.o ABSOLUTE
    ../clib/libinit.s                        0x00000000   Number         0  libshutdown.o ABSOLUTE
    ../clib/signal.c                         0x00000000   Number         0  defsig_exit.o ABSOLUTE
    ../clib/signal.c                         0x00000000   Number         0  defsig_stak_inner.o ABSOLUTE
    ../clib/signal.c                         0x00000000   Number         0  defsig_general.o ABSOLUTE
    ../clib/signal.c                         0x00000000   Number         0  defsig_rtred_inner.o ABSOLUTE
    ../clib/signal.c                         0x00000000   Number         0  __raise.o ABSOLUTE
    ../clib/signal.c                         0x00000000   Number         0  defsig_rtmem_inner.o ABSOLUTE
    ../clib/signal.c                         0x00000000   Number         0  defsig_rtmem_formal.o ABSOLUTE
    ../clib/signal.c                         0x00000000   Number         0  defsig_rtmem_outer.o ABSOLUTE
    ../clib/signal.c                         0x00000000   Number         0  defsig_fpe_inner.o ABSOLUTE
    ../clib/signal.c                         0x00000000   Number         0  defsig_abrt_inner.o ABSOLUTE
    ../clib/signal.c                         0x00000000   Number         0  defsig_other.o ABSOLUTE
    ../clib/signal.c                         0x00000000   Number         0  defsig_segv_inner.o ABSOLUTE
    ../clib/signal.c                         0x00000000   Number         0  defsig_cppl_inner.o ABSOLUTE
    ../clib/signal.c                         0x00000000   Number         0  defsig_pvfn_inner.o ABSOLUTE
    ../clib/signal.s                         0x00000000   Number         0  defsig.o ABSOLUTE
    ../clib/stdlib.c                         0x00000000   Number         0  exit.o ABSOLUTE
    ../fplib/daddsub.s                       0x00000000   Number         0  daddsub_clz.o ABSOLUTE
    ../fplib/ddiv.s                          0x00000000   Number         0  ddiv.o ABSOLUTE
    ../fplib/dfixu.s                         0x00000000   Number         0  dfixu.o ABSOLUTE
    ../fplib/dflt.s                          0x00000000   Number         0  dflt_clz.o ABSOLUTE
    ../fplib/dmul.s                          0x00000000   Number         0  dmul.o ABSOLUTE
    ../fplib/dnaninf.s                       0x00000000   Number         0  dnaninf.o ABSOLUTE
    ../fplib/dretinf.s                       0x00000000   Number         0  dretinf.o ABSOLUTE
    ../fplib/ffixu.s                         0x00000000   Number         0  ffixu.o ABSOLUTE
    ../fplib/fflt.s                          0x00000000   Number         0  fflt_clz.o ABSOLUTE
    ../fplib/fmul.s                          0x00000000   Number         0  fmul.o ABSOLUTE
    ../fplib/fnaninf.s                       0x00000000   Number         0  fnaninf.o ABSOLUTE
    ../fplib/fpinit.s                        0x00000000   Number         0  fpinit.o ABSOLUTE
    ../fplib/fretinf.s                       0x00000000   Number         0  fretinf.o ABSOLUTE
    ../fplib/usenofp.s                       0x00000000   Number         0  usenofp.o ABSOLUTE
    ..\APP\src\AddFunction.c                 0x00000000   Number         0  addfunction.o ABSOLUTE
    ..\APP\src\MotorControl.c                0x00000000   Number         0  motorcontrol.o ABSOLUTE
    ..\CORE\core_cm3.c                       0x00000000   Number         0  core_cm3.o ABSOLUTE
    ..\CORE\startup_stm32f10x_ld.s           0x00000000   Number         0  startup_stm32f10x_ld.o ABSOLUTE
    ..\Hardware\src\ADCInit.c                0x00000000   Number         0  adcinit.o ABSOLUTE
    ..\Hardware\src\GPIOInit.c               0x00000000   Number         0  gpioinit.o ABSOLUTE
    ..\Hardware\src\TimerInit.c              0x00000000   Number         0  timerinit.o ABSOLUTE
    ..\Hardware\src\USARTInit.c              0x00000000   Number         0  usartinit.o ABSOLUTE
    ..\LIB\src\misc.c                        0x00000000   Number         0  misc.o ABSOLUTE
    ..\LIB\src\stm32f10x_adc.c               0x00000000   Number         0  stm32f10x_adc.o ABSOLUTE
    ..\LIB\src\stm32f10x_bkp.c               0x00000000   Number         0  stm32f10x_bkp.o ABSOLUTE
    ..\LIB\src\stm32f10x_can.c               0x00000000   Number         0  stm32f10x_can.o ABSOLUTE
    ..\LIB\src\stm32f10x_cec.c               0x00000000   Number         0  stm32f10x_cec.o ABSOLUTE
    ..\LIB\src\stm32f10x_crc.c               0x00000000   Number         0  stm32f10x_crc.o ABSOLUTE
    ..\LIB\src\stm32f10x_dac.c               0x00000000   Number         0  stm32f10x_dac.o ABSOLUTE
    ..\LIB\src\stm32f10x_dbgmcu.c            0x00000000   Number         0  stm32f10x_dbgmcu.o ABSOLUTE
    ..\LIB\src\stm32f10x_dma.c               0x00000000   Number         0  stm32f10x_dma.o ABSOLUTE
    ..\LIB\src\stm32f10x_exti.c              0x00000000   Number         0  stm32f10x_exti.o ABSOLUTE
    ..\LIB\src\stm32f10x_flash.c             0x00000000   Number         0  stm32f10x_flash.o ABSOLUTE
    ..\LIB\src\stm32f10x_fsmc.c              0x00000000   Number         0  stm32f10x_fsmc.o ABSOLUTE
    ..\LIB\src\stm32f10x_gpio.c              0x00000000   Number         0  stm32f10x_gpio.o ABSOLUTE
    ..\LIB\src\stm32f10x_i2c.c               0x00000000   Number         0  stm32f10x_i2c.o ABSOLUTE
    ..\LIB\src\stm32f10x_iwdg.c              0x00000000   Number         0  stm32f10x_iwdg.o ABSOLUTE
    ..\LIB\src\stm32f10x_pwr.c               0x00000000   Number         0  stm32f10x_pwr.o ABSOLUTE
    ..\LIB\src\stm32f10x_rcc.c               0x00000000   Number         0  stm32f10x_rcc.o ABSOLUTE
    ..\LIB\src\stm32f10x_rtc.c               0x00000000   Number         0  stm32f10x_rtc.o ABSOLUTE
    ..\LIB\src\stm32f10x_sdio.c              0x00000000   Number         0  stm32f10x_sdio.o ABSOLUTE
    ..\LIB\src\stm32f10x_spi.c               0x00000000   Number         0  stm32f10x_spi.o ABSOLUTE
    ..\LIB\src\stm32f10x_tim.c               0x00000000   Number         0  stm32f10x_tim.o ABSOLUTE
    ..\LIB\src\stm32f10x_usart.c             0x00000000   Number         0  stm32f10x_usart.o ABSOLUTE
    ..\LIB\src\stm32f10x_wwdg.c              0x00000000   Number         0  stm32f10x_wwdg.o ABSOLUTE
    ..\SYSTEM\src\SysTick.c                  0x00000000   Number         0  systick.o ABSOLUTE
    ..\\CORE\\core_cm3.c                     0x00000000   Number         0  core_cm3.o ABSOLUTE
    dc.s                                     0x00000000   Number         0  dc.o ABSOLUTE
    main.c                                   0x00000000   Number         0  main.o ABSOLUTE
    stm32f10x_it.c                           0x00000000   Number         0  stm32f10x_it.o ABSOLUTE
    system_stm32f10x.c                       0x00000000   Number         0  system_stm32f10x.o ABSOLUTE
    RESET                                    0x08000000   Section      236  startup_stm32f10x_ld.o(RESET)
    !!!main                                  0x080000ec   Section        8  __main.o(!!!main)
    !!!scatter                               0x080000f4   Section       52  __scatter.o(!!!scatter)
    !!handler_copy                           0x08000128   Section       26  __scatter_copy.o(!!handler_copy)
    !!handler_zi                             0x08000144   Section       28  __scatter_zi.o(!!handler_zi)
    .ARM.Collect$$libinit$$00000000          0x08000160   Section        2  libinit.o(.ARM.Collect$$libinit$$00000000)
    .ARM.Collect$$libinit$$00000002          0x08000162   Section        0  libinit2.o(.ARM.Collect$$libinit$$00000002)
    .ARM.Collect$$libinit$$00000004          0x08000162   Section        0  libinit2.o(.ARM.Collect$$libinit$$00000004)
    .ARM.Collect$$libinit$$0000000A          0x08000162   Section        0  libinit2.o(.ARM.Collect$$libinit$$0000000A)
    .ARM.Collect$$libinit$$0000000C          0x08000162   Section        0  libinit2.o(.ARM.Collect$$libinit$$0000000C)
    .ARM.Collect$$libinit$$0000000E          0x08000162   Section        0  libinit2.o(.ARM.Collect$$libinit$$0000000E)
    .ARM.Collect$$libinit$$00000011          0x08000162   Section        0  libinit2.o(.ARM.Collect$$libinit$$00000011)
    .ARM.Collect$$libinit$$00000013          0x08000162   Section        0  libinit2.o(.ARM.Collect$$libinit$$00000013)
    .ARM.Collect$$libinit$$00000015          0x08000162   Section        0  libinit2.o(.ARM.Collect$$libinit$$00000015)
    .ARM.Collect$$libinit$$00000017          0x08000162   Section        0  libinit2.o(.ARM.Collect$$libinit$$00000017)
    .ARM.Collect$$libinit$$00000019          0x08000162   Section        0  libinit2.o(.ARM.Collect$$libinit$$00000019)
    .ARM.Collect$$libinit$$0000001B          0x08000162   Section        0  libinit2.o(.ARM.Collect$$libinit$$0000001B)
    .ARM.Collect$$libinit$$0000001D          0x08000162   Section        0  libinit2.o(.ARM.Collect$$libinit$$0000001D)
    .ARM.Collect$$libinit$$0000001F          0x08000162   Section        0  libinit2.o(.ARM.Collect$$libinit$$0000001F)
    .ARM.Collect$$libinit$$00000021          0x08000162   Section        0  libinit2.o(.ARM.Collect$$libinit$$00000021)
    .ARM.Collect$$libinit$$00000023          0x08000162   Section        0  libinit2.o(.ARM.Collect$$libinit$$00000023)
    .ARM.Collect$$libinit$$00000025          0x08000162   Section        0  libinit2.o(.ARM.Collect$$libinit$$00000025)
    .ARM.Collect$$libinit$$0000002C          0x08000162   Section        0  libinit2.o(.ARM.Collect$$libinit$$0000002C)
    .ARM.Collect$$libinit$$0000002E          0x08000162   Section        0  libinit2.o(.ARM.Collect$$libinit$$0000002E)
    .ARM.Collect$$libinit$$00000030          0x08000162   Section        0  libinit2.o(.ARM.Collect$$libinit$$00000030)
    .ARM.Collect$$libinit$$00000032          0x08000162   Section        0  libinit2.o(.ARM.Collect$$libinit$$00000032)
    .ARM.Collect$$libinit$$00000033          0x08000162   Section        2  libinit2.o(.ARM.Collect$$libinit$$00000033)
    .ARM.Collect$$libshutdown$$00000000      0x08000164   Section        2  libshutdown.o(.ARM.Collect$$libshutdown$$00000000)
    .ARM.Collect$$libshutdown$$00000002      0x08000166   Section        0  libshutdown2.o(.ARM.Collect$$libshutdown$$00000002)
    .ARM.Collect$$libshutdown$$00000004      0x08000166   Section        0  libshutdown2.o(.ARM.Collect$$libshutdown$$00000004)
    .ARM.Collect$$libshutdown$$00000006      0x08000166   Section        0  libshutdown2.o(.ARM.Collect$$libshutdown$$00000006)
    .ARM.Collect$$libshutdown$$00000009      0x08000166   Section        0  libshutdown2.o(.ARM.Collect$$libshutdown$$00000009)
    .ARM.Collect$$libshutdown$$0000000C      0x08000166   Section        0  libshutdown2.o(.ARM.Collect$$libshutdown$$0000000C)
    .ARM.Collect$$libshutdown$$0000000E      0x08000166   Section        0  libshutdown2.o(.ARM.Collect$$libshutdown$$0000000E)
    .ARM.Collect$$libshutdown$$00000011      0x08000166   Section        0  libshutdown2.o(.ARM.Collect$$libshutdown$$00000011)
    .ARM.Collect$$libshutdown$$00000012      0x08000166   Section        2  libshutdown2.o(.ARM.Collect$$libshutdown$$00000012)
    .ARM.Collect$$rtentry$$00000000          0x08000168   Section        0  __rtentry.o(.ARM.Collect$$rtentry$$00000000)
    .ARM.Collect$$rtentry$$00000002          0x08000168   Section        0  __rtentry2.o(.ARM.Collect$$rtentry$$00000002)
    .ARM.Collect$$rtentry$$00000004          0x08000168   Section        6  __rtentry4.o(.ARM.Collect$$rtentry$$00000004)
    .ARM.Collect$$rtentry$$00000009          0x0800016e   Section        0  __rtentry2.o(.ARM.Collect$$rtentry$$00000009)
    .ARM.Collect$$rtentry$$0000000A          0x0800016e   Section        4  __rtentry2.o(.ARM.Collect$$rtentry$$0000000A)
    .ARM.Collect$$rtentry$$0000000C          0x08000172   Section        0  __rtentry2.o(.ARM.Collect$$rtentry$$0000000C)
    .ARM.Collect$$rtentry$$0000000D          0x08000172   Section        8  __rtentry2.o(.ARM.Collect$$rtentry$$0000000D)
    .ARM.Collect$$rtexit$$00000000           0x0800017a   Section        2  rtexit.o(.ARM.Collect$$rtexit$$00000000)
    .ARM.Collect$$rtexit$$00000002           0x0800017c   Section        0  rtexit2.o(.ARM.Collect$$rtexit$$00000002)
    .ARM.Collect$$rtexit$$00000003           0x0800017c   Section        4  rtexit2.o(.ARM.Collect$$rtexit$$00000003)
    .ARM.Collect$$rtexit$$00000004           0x08000180   Section        6  rtexit2.o(.ARM.Collect$$rtexit$$00000004)
    .text                                    0x08000188   Section        0  main.o(.text)
    .text                                    0x080002ac   Section        0  motorcontrol.o(.text)
    .text                                    0x0800072c   Section        0  addfunction.o(.text)
    .text                                    0x080013b4   Section        0  stm32f10x_it.o(.text)
    .text                                    0x08001768   Section        0  system_stm32f10x.o(.text)
    SetSysClockTo72                          0x08001769   Thumb Code   214  system_stm32f10x.o(.text)
    SetSysClock                              0x0800183f   Thumb Code     8  system_stm32f10x.o(.text)
    .text                                    0x08001948   Section       64  startup_stm32f10x_ld.o(.text)
    .text                                    0x08001988   Section        0  misc.o(.text)
    .text                                    0x08001a64   Section        0  stm32f10x_adc.o(.text)
    .text                                    0x08001eb4   Section        0  stm32f10x_dma.o(.text)
    .text                                    0x08002108   Section        0  stm32f10x_gpio.o(.text)
    .text                                    0x08002464   Section        0  stm32f10x_rcc.o(.text)
    .text                                    0x08002808   Section        0  stm32f10x_tim.o(.text)
    TI4_Config                               0x08002caf   Thumb Code   130  stm32f10x_tim.o(.text)
    TI3_Config                               0x08002d43   Thumb Code   122  stm32f10x_tim.o(.text)
    TI2_Config                               0x08002dd7   Thumb Code   130  stm32f10x_tim.o(.text)
    TI1_Config                               0x08002e6b   Thumb Code   108  stm32f10x_tim.o(.text)
    .text                                    0x08003624   Section        0  stm32f10x_usart.o(.text)
    .text                                    0x08003a2c   Section        0  systick.o(.text)
    .text                                    0x08003b00   Section        0  gpioinit.o(.text)
    .text                                    0x08003b6c   Section        0  adcinit.o(.text)
    .text                                    0x08003ca8   Section        0  timerinit.o(.text)
    .text                                    0x08003f20   Section        0  usartinit.o(.text)
    .text                                    0x08003fd0   Section        0  heapauxi.o(.text)
    .text                                    0x08003fd6   Section       74  sys_stackheap_outer.o(.text)
    .text                                    0x08004020   Section        0  exit.o(.text)
    .text                                    0x08004034   Section        8  libspace.o(.text)
    .text                                    0x0800403c   Section        0  sys_exit.o(.text)
    .text                                    0x08004048   Section        2  use_no_semi.o(.text)
    .text                                    0x0800404a   Section        0  indicate_semi.o(.text)
    x$fpl$dadd                               0x0800404c   Section      336  daddsub_clz.o(x$fpl$dadd)
    _dadd1                                   0x0800405d   Thumb Code     0  daddsub_clz.o(x$fpl$dadd)
    x$fpl$ddiv                               0x0800419c   Section      688  ddiv.o(x$fpl$ddiv)
    ddiv_entry                               0x080041a3   Thumb Code     0  ddiv.o(x$fpl$ddiv)
    x$fpl$dfixu                              0x0800444c   Section       90  dfixu.o(x$fpl$dfixu)
    x$fpl$dflt                               0x080044a6   Section       46  dflt_clz.o(x$fpl$dflt)
    x$fpl$dfltu                              0x080044d4   Section       38  dflt_clz.o(x$fpl$dfltu)
    x$fpl$dmul                               0x080044fc   Section      340  dmul.o(x$fpl$dmul)
    x$fpl$dnaninf                            0x08004650   Section      156  dnaninf.o(x$fpl$dnaninf)
    x$fpl$dretinf                            0x080046ec   Section       12  dretinf.o(x$fpl$dretinf)
    x$fpl$dsub                               0x080046f8   Section      468  daddsub_clz.o(x$fpl$dsub)
    _dsub1                                   0x08004709   Thumb Code     0  daddsub_clz.o(x$fpl$dsub)
    x$fpl$ffixu                              0x080048cc   Section       62  ffixu.o(x$fpl$ffixu)
    x$fpl$ffltu                              0x0800490c   Section       38  fflt_clz.o(x$fpl$ffltu)
    x$fpl$fmul                               0x08004934   Section      258  fmul.o(x$fpl$fmul)
    x$fpl$fnaninf                            0x08004a36   Section      140  fnaninf.o(x$fpl$fnaninf)
    x$fpl$fretinf                            0x08004ac2   Section       10  fretinf.o(x$fpl$fretinf)
    x$fpl$usenofp                            0x08004acc   Section        0  usenofp.o(x$fpl$usenofp)
    .data                                    0x20000000   Section       10  addfunction.o(.data)
    .data                                    0x2000000a   Section       18  stm32f10x_it.o(.data)
    Rise_flag                                0x2000000a   Data           1  stm32f10x_it.o(.data)
    Hightime_us                              0x2000000c   Data           2  stm32f10x_it.o(.data)
    ED360_CNT                                0x20000014   Data           1  stm32f10x_it.o(.data)
    cnt_2s                                   0x20000015   Data           1  stm32f10x_it.o(.data)
    cnt1s                                    0x20000016   Data           1  stm32f10x_it.o(.data)
    sum_iErr                                 0x20000018   Data           2  stm32f10x_it.o(.data)
    last_iErr                                0x2000001a   Data           2  stm32f10x_it.o(.data)
    .data                                    0x2000001c   Section       20  system_stm32f10x.o(.data)
    .data                                    0x20000030   Section       20  stm32f10x_rcc.o(.data)
    APBAHBPrescTable                         0x20000030   Data          16  stm32f10x_rcc.o(.data)
    ADCPrescTable                            0x20000040   Data           4  stm32f10x_rcc.o(.data)
    .data                                    0x20000044   Section        4  systick.o(.data)
    cnt_us                                   0x20000044   Data           1  systick.o(.data)
    cnt_ms                                   0x20000046   Data           2  systick.o(.data)
    .bss                                     0x20000048   Section       28  motorcontrol.o(.bss)
    .bss                                     0x20000064   Section       12  adcinit.o(.bss)
    .bss                                     0x20000070   Section       96  libspace.o(.bss)
    HEAP                                     0x200000d0   Section      512  startup_stm32f10x_ld.o(HEAP)
    Heap_Mem                                 0x200000d0   Data         512  startup_stm32f10x_ld.o(HEAP)
    STACK                                    0x200002d0   Section     1024  startup_stm32f10x_ld.o(STACK)
    Stack_Mem                                0x200002d0   Data        1024  startup_stm32f10x_ld.o(STACK)
    __initial_sp                             0x200006d0   Data           0  startup_stm32f10x_ld.o(STACK)

    Global Symbols

    Symbol Name                              Value     Ov Type        Size  Object(Section)

    BuildAttributes$$THM_ISAv4$P$D$K$B$S$PE$A:L22UL41UL21$X:L11$S22US41US21$IEEE1$IW$USESV6$~STKCKD$USESV7$~SHL$OSPACE$ROPI$EBA8$UX$STANDARDLIB$REQ8$PRES8$EABIv2 0x00000000   Number         0  anon$$obj.o ABSOLUTE
    __ARM_use_no_argv                        0x00000000   Number         0  main.o ABSOLUTE
    __ARM_exceptions_init                     - Undefined Weak Reference
    __alloca_initialize                       - Undefined Weak Reference
    __arm_fini_                               - Undefined Weak Reference
    __arm_preinit_                            - Undefined Weak Reference
    __cpp_initialize__aeabi_                  - Undefined Weak Reference
    __cxa_finalize                            - Undefined Weak Reference
    __rt_locale                               - Undefined Weak Reference
    __sigvec_lookup                           - Undefined Weak Reference
    _atexit_init                              - Undefined Weak Reference
    _call_atexit_fns                          - Undefined Weak Reference
    _clock_init                               - Undefined Weak Reference
    _fp_trap_init                             - Undefined Weak Reference
    _fp_trap_shutdown                         - Undefined Weak Reference
    _get_lc_collate                           - Undefined Weak Reference
    _get_lc_ctype                             - Undefined Weak Reference
    _get_lc_monetary                          - Undefined Weak Reference
    _get_lc_numeric                           - Undefined Weak Reference
    _get_lc_time                              - Undefined Weak Reference
    _getenv_init                              - Undefined Weak Reference
    _handle_redirection                       - Undefined Weak Reference
    _init_alloc                               - Undefined Weak Reference
    _init_user_alloc                          - Undefined Weak Reference
    _initio                                   - Undefined Weak Reference
    _rand_init                                - Undefined Weak Reference
    _signal_finish                            - Undefined Weak Reference
    _signal_init                              - Undefined Weak Reference
    _terminate_alloc                          - Undefined Weak Reference
    _terminate_user_alloc                     - Undefined Weak Reference
    _terminateio                              - Undefined Weak Reference
    __Vectors_Size                           0x000000ec   Number         0  startup_stm32f10x_ld.o ABSOLUTE
    __Vectors                                0x08000000   Data           4  startup_stm32f10x_ld.o(RESET)
    __Vectors_End                            0x080000ec   Data           0  startup_stm32f10x_ld.o(RESET)
    __main                                   0x080000ed   Thumb Code     8  __main.o(!!!main)
    __scatterload                            0x080000f5   Thumb Code     0  __scatter.o(!!!scatter)
    __scatterload_rt2                        0x080000f5   Thumb Code    44  __scatter.o(!!!scatter)
    __scatterload_rt2_thumb_only             0x080000f5   Thumb Code     0  __scatter.o(!!!scatter)
    __scatterload_null                       0x08000103   Thumb Code     0  __scatter.o(!!!scatter)
    __scatterload_copy                       0x08000129   Thumb Code    26  __scatter_copy.o(!!handler_copy)
    __scatterload_zeroinit                   0x08000145   Thumb Code    28  __scatter_zi.o(!!handler_zi)
    __rt_lib_init                            0x08000161   Thumb Code     0  libinit.o(.ARM.Collect$$libinit$$00000000)
    __rt_lib_init_alloca_1                   0x08000163   Thumb Code     0  libinit2.o(.ARM.Collect$$libinit$$0000002E)
    __rt_lib_init_argv_1                     0x08000163   Thumb Code     0  libinit2.o(.ARM.Collect$$libinit$$0000002C)
    __rt_lib_init_atexit_1                   0x08000163   Thumb Code     0  libinit2.o(.ARM.Collect$$libinit$$0000001B)
    __rt_lib_init_clock_1                    0x08000163   Thumb Code     0  libinit2.o(.ARM.Collect$$libinit$$00000021)
    __rt_lib_init_cpp_1                      0x08000163   Thumb Code     0  libinit2.o(.ARM.Collect$$libinit$$00000032)
    __rt_lib_init_exceptions_1               0x08000163   Thumb Code     0  libinit2.o(.ARM.Collect$$libinit$$00000030)
    __rt_lib_init_fp_1                       0x08000163   Thumb Code     0  libinit2.o(.ARM.Collect$$libinit$$00000002)
    __rt_lib_init_fp_trap_1                  0x08000163   Thumb Code     0  libinit2.o(.ARM.Collect$$libinit$$0000001F)
    __rt_lib_init_getenv_1                   0x08000163   Thumb Code     0  libinit2.o(.ARM.Collect$$libinit$$00000023)
    __rt_lib_init_heap_1                     0x08000163   Thumb Code     0  libinit2.o(.ARM.Collect$$libinit$$0000000A)
    __rt_lib_init_lc_collate_1               0x08000163   Thumb Code     0  libinit2.o(.ARM.Collect$$libinit$$00000011)
    __rt_lib_init_lc_ctype_1                 0x08000163   Thumb Code     0  libinit2.o(.ARM.Collect$$libinit$$00000013)
    __rt_lib_init_lc_monetary_1              0x08000163   Thumb Code     0  libinit2.o(.ARM.Collect$$libinit$$00000015)
    __rt_lib_init_lc_numeric_1               0x08000163   Thumb Code     0  libinit2.o(.ARM.Collect$$libinit$$00000017)
    __rt_lib_init_lc_time_1                  0x08000163   Thumb Code     0  libinit2.o(.ARM.Collect$$libinit$$00000019)
    __rt_lib_init_preinit_1                  0x08000163   Thumb Code     0  libinit2.o(.ARM.Collect$$libinit$$00000004)
    __rt_lib_init_rand_1                     0x08000163   Thumb Code     0  libinit2.o(.ARM.Collect$$libinit$$0000000E)
    __rt_lib_init_return                     0x08000163   Thumb Code     0  libinit2.o(.ARM.Collect$$libinit$$00000033)
    __rt_lib_init_signal_1                   0x08000163   Thumb Code     0  libinit2.o(.ARM.Collect$$libinit$$0000001D)
    __rt_lib_init_stdio_1                    0x08000163   Thumb Code     0  libinit2.o(.ARM.Collect$$libinit$$00000025)
    __rt_lib_init_user_alloc_1               0x08000163   Thumb Code     0  libinit2.o(.ARM.Collect$$libinit$$0000000C)
    __rt_lib_shutdown                        0x08000165   Thumb Code     0  libshutdown.o(.ARM.Collect$$libshutdown$$00000000)
    __rt_lib_shutdown_cpp_1                  0x08000167   Thumb Code     0  libshutdown2.o(.ARM.Collect$$libshutdown$$00000004)
    __rt_lib_shutdown_fini_1                 0x08000167   Thumb Code     0  libshutdown2.o(.ARM.Collect$$libshutdown$$00000002)
    __rt_lib_shutdown_fp_trap_1              0x08000167   Thumb Code     0  libshutdown2.o(.ARM.Collect$$libshutdown$$00000009)
    __rt_lib_shutdown_heap_1                 0x08000167   Thumb Code     0  libshutdown2.o(.ARM.Collect$$libshutdown$$00000011)
    __rt_lib_shutdown_return                 0x08000167   Thumb Code     0  libshutdown2.o(.ARM.Collect$$libshutdown$$00000012)
    __rt_lib_shutdown_signal_1               0x08000167   Thumb Code     0  libshutdown2.o(.ARM.Collect$$libshutdown$$0000000C)
    __rt_lib_shutdown_stdio_1                0x08000167   Thumb Code     0  libshutdown2.o(.ARM.Collect$$libshutdown$$00000006)
    __rt_lib_shutdown_user_alloc_1           0x08000167   Thumb Code     0  libshutdown2.o(.ARM.Collect$$libshutdown$$0000000E)
    __rt_entry                               0x08000169   Thumb Code     0  __rtentry.o(.ARM.Collect$$rtentry$$00000000)
    __rt_entry_presh_1                       0x08000169   Thumb Code     0  __rtentry2.o(.ARM.Collect$$rtentry$$00000002)
    __rt_entry_sh                            0x08000169   Thumb Code     0  __rtentry4.o(.ARM.Collect$$rtentry$$00000004)
    __rt_entry_li                            0x0800016f   Thumb Code     0  __rtentry2.o(.ARM.Collect$$rtentry$$0000000A)
    __rt_entry_postsh_1                      0x0800016f   Thumb Code     0  __rtentry2.o(.ARM.Collect$$rtentry$$00000009)
    __rt_entry_main                          0x08000173   Thumb Code     0  __rtentry2.o(.ARM.Collect$$rtentry$$0000000D)
    __rt_entry_postli_1                      0x08000173   Thumb Code     0  __rtentry2.o(.ARM.Collect$$rtentry$$0000000C)
    __rt_exit                                0x0800017b   Thumb Code     0  rtexit.o(.ARM.Collect$$rtexit$$00000000)
    __rt_exit_ls                             0x0800017d   Thumb Code     0  rtexit2.o(.ARM.Collect$$rtexit$$00000003)
    __rt_exit_prels_1                        0x0800017d   Thumb Code     0  rtexit2.o(.ARM.Collect$$rtexit$$00000002)
    __rt_exit_exit                           0x08000181   Thumb Code     0  rtexit2.o(.ARM.Collect$$rtexit$$00000004)
    main                                     0x08000189   Thumb Code   272  main.o(.text)
    PARAM_Init                               0x080002ad   Thumb Code    40  motorcontrol.o(.text)
    MOS_CBON                                 0x080002d5   Thumb Code    60  motorcontrol.o(.text)
    MOS_CAON                                 0x08000311   Thumb Code    60  motorcontrol.o(.text)
    MOS_BAON                                 0x0800034d   Thumb Code    60  motorcontrol.o(.text)
    MOS_BCON                                 0x08000389   Thumb Code    60  motorcontrol.o(.text)
    MOS_ACON                                 0x080003c5   Thumb Code    60  motorcontrol.o(.text)
    MOS_ABON                                 0x08000401   Thumb Code    60  motorcontrol.o(.text)
    phase_change                             0x0800043d   Thumb Code   126  motorcontrol.o(.text)
    MOTOR_Start                              0x080004bb   Thumb Code   102  motorcontrol.o(.text)
    ZCD_A_UP                                 0x08000521   Thumb Code    80  motorcontrol.o(.text)
    ZCD_B_UP                                 0x08000571   Thumb Code    80  motorcontrol.o(.text)
    ZCD_C_UP                                 0x080005c1   Thumb Code    80  motorcontrol.o(.text)
    ZCD_A_DOWN                               0x08000611   Thumb Code    80  motorcontrol.o(.text)
    ZCD_B_DOWN                               0x08000661   Thumb Code   102  motorcontrol.o(.text)
    ZCD_C_DOWN                               0x080006c7   Thumb Code    90  motorcontrol.o(.text)
    MOSSHORT_Check                           0x0800072d   Thumb Code   968  addfunction.o(.text)
    MOSOPEN_Check                            0x08000af5   Thumb Code  1374  addfunction.o(.text)
    OFFSET2BAT_Read                          0x08001053   Thumb Code   854  addfunction.o(.text)
    TIM1_UP_IRQHandler                       0x080013b5   Thumb Code   258  stm32f10x_it.o(.text)
    TIM2_IRQHandler                          0x080014b7   Thumb Code   358  stm32f10x_it.o(.text)
    TIM3_IRQHandler                          0x0800161d   Thumb Code   196  stm32f10x_it.o(.text)
    USART1_IRQHandler                        0x080016e1   Thumb Code    24  stm32f10x_it.o(.text)
    NMI_Handler                              0x080016f9   Thumb Code     2  stm32f10x_it.o(.text)
    HardFault_Handler                        0x080016fb   Thumb Code     4  stm32f10x_it.o(.text)
    MemManage_Handler                        0x080016ff   Thumb Code     4  stm32f10x_it.o(.text)
    BusFault_Handler                         0x08001703   Thumb Code     4  stm32f10x_it.o(.text)
    UsageFault_Handler                       0x08001707   Thumb Code     4  stm32f10x_it.o(.text)
    SVC_Handler                              0x0800170b   Thumb Code     2  stm32f10x_it.o(.text)
    DebugMon_Handler                         0x0800170d   Thumb Code     2  stm32f10x_it.o(.text)
    PendSV_Handler                           0x0800170f   Thumb Code     2  stm32f10x_it.o(.text)
    SysTick_Handler                          0x08001711   Thumb Code     2  stm32f10x_it.o(.text)
    SystemInit                               0x08001847   Thumb Code    78  system_stm32f10x.o(.text)
    SystemCoreClockUpdate                    0x08001895   Thumb Code   142  system_stm32f10x.o(.text)
    Reset_Handler                            0x08001949   Thumb Code     8  startup_stm32f10x_ld.o(.text)
    ADC1_2_IRQHandler                        0x08001963   Thumb Code     0  startup_stm32f10x_ld.o(.text)
    CAN1_RX1_IRQHandler                      0x08001963   Thumb Code     0  startup_stm32f10x_ld.o(.text)
    CAN1_SCE_IRQHandler                      0x08001963   Thumb Code     0  startup_stm32f10x_ld.o(.text)
    DMA1_Channel1_IRQHandler                 0x08001963   Thumb Code     0  startup_stm32f10x_ld.o(.text)
    DMA1_Channel2_IRQHandler                 0x08001963   Thumb Code     0  startup_stm32f10x_ld.o(.text)
    DMA1_Channel3_IRQHandler                 0x08001963   Thumb Code     0  startup_stm32f10x_ld.o(.text)
    DMA1_Channel4_IRQHandler                 0x08001963   Thumb Code     0  startup_stm32f10x_ld.o(.text)
    DMA1_Channel5_IRQHandler                 0x08001963   Thumb Code     0  startup_stm32f10x_ld.o(.text)
    DMA1_Channel6_IRQHandler                 0x08001963   Thumb Code     0  startup_stm32f10x_ld.o(.text)
    DMA1_Channel7_IRQHandler                 0x08001963   Thumb Code     0  startup_stm32f10x_ld.o(.text)
    EXTI0_IRQHandler                         0x08001963   Thumb Code     0  startup_stm32f10x_ld.o(.text)
    EXTI15_10_IRQHandler                     0x08001963   Thumb Code     0  startup_stm32f10x_ld.o(.text)
    EXTI1_IRQHandler                         0x08001963   Thumb Code     0  startup_stm32f10x_ld.o(.text)
    EXTI2_IRQHandler                         0x08001963   Thumb Code     0  startup_stm32f10x_ld.o(.text)
    EXTI3_IRQHandler                         0x08001963   Thumb Code     0  startup_stm32f10x_ld.o(.text)
    EXTI4_IRQHandler                         0x08001963   Thumb Code     0  startup_stm32f10x_ld.o(.text)
    EXTI9_5_IRQHandler                       0x08001963   Thumb Code     0  startup_stm32f10x_ld.o(.text)
    FLASH_IRQHandler                         0x08001963   Thumb Code     0  startup_stm32f10x_ld.o(.text)
    I2C1_ER_IRQHandler                       0x08001963   Thumb Code     0  startup_stm32f10x_ld.o(.text)
    I2C1_EV_IRQHandler                       0x08001963   Thumb Code     0  startup_stm32f10x_ld.o(.text)
    PVD_IRQHandler                           0x08001963   Thumb Code     0  startup_stm32f10x_ld.o(.text)
    RCC_IRQHandler                           0x08001963   Thumb Code     0  startup_stm32f10x_ld.o(.text)
    RTCAlarm_IRQHandler                      0x08001963   Thumb Code     0  startup_stm32f10x_ld.o(.text)
    RTC_IRQHandler                           0x08001963   Thumb Code     0  startup_stm32f10x_ld.o(.text)
    SPI1_IRQHandler                          0x08001963   Thumb Code     0  startup_stm32f10x_ld.o(.text)
    TAMPER_IRQHandler                        0x08001963   Thumb Code     0  startup_stm32f10x_ld.o(.text)
    TIM1_BRK_IRQHandler                      0x08001963   Thumb Code     0  startup_stm32f10x_ld.o(.text)
    TIM1_CC_IRQHandler                       0x08001963   Thumb Code     0  startup_stm32f10x_ld.o(.text)
    TIM1_TRG_COM_IRQHandler                  0x08001963   Thumb Code     0  startup_stm32f10x_ld.o(.text)
    USART2_IRQHandler                        0x08001963   Thumb Code     0  startup_stm32f10x_ld.o(.text)
    USBWakeUp_IRQHandler                     0x08001963   Thumb Code     0  startup_stm32f10x_ld.o(.text)
    USB_HP_CAN1_TX_IRQHandler                0x08001963   Thumb Code     0  startup_stm32f10x_ld.o(.text)
    USB_LP_CAN1_RX0_IRQHandler               0x08001963   Thumb Code     0  startup_stm32f10x_ld.o(.text)
    WWDG_IRQHandler                          0x08001963   Thumb Code     0  startup_stm32f10x_ld.o(.text)
    __user_initial_stackheap                 0x08001965   Thumb Code     0  startup_stm32f10x_ld.o(.text)
    NVIC_PriorityGroupConfig                 0x08001989   Thumb Code    10  misc.o(.text)
    NVIC_Init                                0x08001993   Thumb Code   100  misc.o(.text)
    NVIC_SetVectorTable                      0x080019f7   Thumb Code    14  misc.o(.text)
    NVIC_SystemLPConfig                      0x08001a05   Thumb Code    34  misc.o(.text)
    SysTick_CLKSourceConfig                  0x08001a27   Thumb Code    40  misc.o(.text)
    ADC_DeInit                               0x08001a65   Thumb Code    78  stm32f10x_adc.o(.text)
    ADC_Init                                 0x08001ab3   Thumb Code    70  stm32f10x_adc.o(.text)
    ADC_StructInit                           0x08001af9   Thumb Code    18  stm32f10x_adc.o(.text)
    ADC_Cmd                                  0x08001b0b   Thumb Code    22  stm32f10x_adc.o(.text)
    ADC_DMACmd                               0x08001b21   Thumb Code    22  stm32f10x_adc.o(.text)
    ADC_ITConfig                             0x08001b37   Thumb Code    24  stm32f10x_adc.o(.text)
    ADC_ResetCalibration                     0x08001b4f   Thumb Code    10  stm32f10x_adc.o(.text)
    ADC_GetResetCalibrationStatus            0x08001b59   Thumb Code    20  stm32f10x_adc.o(.text)
    ADC_StartCalibration                     0x08001b6d   Thumb Code    10  stm32f10x_adc.o(.text)
    ADC_GetCalibrationStatus                 0x08001b77   Thumb Code    20  stm32f10x_adc.o(.text)
    ADC_SoftwareStartConvCmd                 0x08001b8b   Thumb Code    22  stm32f10x_adc.o(.text)
    ADC_GetSoftwareStartConvStatus           0x08001ba1   Thumb Code    20  stm32f10x_adc.o(.text)
    ADC_DiscModeChannelCountConfig           0x08001bb5   Thumb Code    24  stm32f10x_adc.o(.text)
    ADC_DiscModeCmd                          0x08001bcd   Thumb Code    22  stm32f10x_adc.o(.text)
    ADC_RegularChannelConfig                 0x08001be3   Thumb Code   184  stm32f10x_adc.o(.text)
    ADC_ExternalTrigConvCmd                  0x08001c9b   Thumb Code    22  stm32f10x_adc.o(.text)
    ADC_GetConversionValue                   0x08001cb1   Thumb Code     8  stm32f10x_adc.o(.text)
    ADC_GetDualModeConversionValue           0x08001cb9   Thumb Code     8  stm32f10x_adc.o(.text)
    ADC_AutoInjectedConvCmd                  0x08001cc1   Thumb Code    22  stm32f10x_adc.o(.text)
    ADC_InjectedDiscModeCmd                  0x08001cd7   Thumb Code    22  stm32f10x_adc.o(.text)
    ADC_ExternalTrigInjectedConvConfig       0x08001ced   Thumb Code    16  stm32f10x_adc.o(.text)
    ADC_ExternalTrigInjectedConvCmd          0x08001cfd   Thumb Code    22  stm32f10x_adc.o(.text)
    ADC_SoftwareStartInjectedConvCmd         0x08001d13   Thumb Code    22  stm32f10x_adc.o(.text)
    ADC_GetSoftwareStartInjectedConvCmdStatus 0x08001d29   Thumb Code    20  stm32f10x_adc.o(.text)
    ADC_InjectedChannelConfig                0x08001d3d   Thumb Code   130  stm32f10x_adc.o(.text)
    ADC_InjectedSequencerLengthConfig        0x08001dbf   Thumb Code    24  stm32f10x_adc.o(.text)
    ADC_SetInjectedOffset                    0x08001dd7   Thumb Code    20  stm32f10x_adc.o(.text)
    ADC_GetInjectedConversionValue           0x08001deb   Thumb Code    28  stm32f10x_adc.o(.text)
    ADC_AnalogWatchdogCmd                    0x08001e07   Thumb Code    16  stm32f10x_adc.o(.text)
    ADC_AnalogWatchdogThresholdsConfig       0x08001e17   Thumb Code     6  stm32f10x_adc.o(.text)
    ADC_AnalogWatchdogSingleChannelConfig    0x08001e1d   Thumb Code    16  stm32f10x_adc.o(.text)
    ADC_TempSensorVrefintCmd                 0x08001e2d   Thumb Code    64  stm32f10x_adc.o(.text)
    ADC_GetFlagStatus                        0x08001e6d   Thumb Code    18  stm32f10x_adc.o(.text)
    ADC_ClearFlag                            0x08001e7f   Thumb Code     6  stm32f10x_adc.o(.text)
    ADC_GetITStatus                          0x08001e85   Thumb Code    36  stm32f10x_adc.o(.text)
    ADC_ClearITPendingBit                    0x08001ea9   Thumb Code    10  stm32f10x_adc.o(.text)
    DMA_DeInit                               0x08001eb5   Thumb Code   324  stm32f10x_dma.o(.text)
    DMA_Init                                 0x08001ff9   Thumb Code    60  stm32f10x_dma.o(.text)
    DMA_StructInit                           0x08002035   Thumb Code    26  stm32f10x_dma.o(.text)
    DMA_Cmd                                  0x0800204f   Thumb Code    24  stm32f10x_dma.o(.text)
    DMA_ITConfig                             0x08002067   Thumb Code    18  stm32f10x_dma.o(.text)
    DMA_SetCurrDataCounter                   0x08002079   Thumb Code     4  stm32f10x_dma.o(.text)
    DMA_GetCurrDataCounter                   0x0800207d   Thumb Code     8  stm32f10x_dma.o(.text)
    DMA_GetFlagStatus                        0x08002085   Thumb Code    40  stm32f10x_dma.o(.text)
    DMA_ClearFlag                            0x080020ad   Thumb Code    22  stm32f10x_dma.o(.text)
    DMA_GetITStatus                          0x080020c3   Thumb Code    40  stm32f10x_dma.o(.text)
    DMA_ClearITPendingBit                    0x080020eb   Thumb Code    22  stm32f10x_dma.o(.text)
    GPIO_DeInit                              0x08002109   Thumb Code   172  stm32f10x_gpio.o(.text)
    GPIO_AFIODeInit                          0x080021b5   Thumb Code    20  stm32f10x_gpio.o(.text)
    GPIO_Init                                0x080021c9   Thumb Code   278  stm32f10x_gpio.o(.text)
    GPIO_StructInit                          0x080022df   Thumb Code    16  stm32f10x_gpio.o(.text)
    GPIO_ReadInputDataBit                    0x080022ef   Thumb Code    18  stm32f10x_gpio.o(.text)
    GPIO_ReadInputData                       0x08002301   Thumb Code     8  stm32f10x_gpio.o(.text)
    GPIO_ReadOutputDataBit                   0x08002309   Thumb Code    18  stm32f10x_gpio.o(.text)
    GPIO_ReadOutputData                      0x0800231b   Thumb Code     8  stm32f10x_gpio.o(.text)
    GPIO_SetBits                             0x08002323   Thumb Code     4  stm32f10x_gpio.o(.text)
    GPIO_ResetBits                           0x08002327   Thumb Code     4  stm32f10x_gpio.o(.text)
    GPIO_WriteBit                            0x0800232b   Thumb Code    10  stm32f10x_gpio.o(.text)
    GPIO_Write                               0x08002335   Thumb Code     4  stm32f10x_gpio.o(.text)
    GPIO_PinLockConfig                       0x08002339   Thumb Code    18  stm32f10x_gpio.o(.text)
    GPIO_EventOutputConfig                   0x0800234b   Thumb Code    26  stm32f10x_gpio.o(.text)
    GPIO_EventOutputCmd                      0x08002365   Thumb Code     6  stm32f10x_gpio.o(.text)
    GPIO_PinRemapConfig                      0x0800236b   Thumb Code   138  stm32f10x_gpio.o(.text)
    GPIO_EXTILineConfig                      0x080023f5   Thumb Code    66  stm32f10x_gpio.o(.text)
    GPIO_ETH_MediaInterfaceConfig            0x08002437   Thumb Code     8  stm32f10x_gpio.o(.text)
    RCC_DeInit                               0x08002465   Thumb Code    64  stm32f10x_rcc.o(.text)
    RCC_HSEConfig                            0x080024a5   Thumb Code    70  stm32f10x_rcc.o(.text)
    RCC_GetFlagStatus                        0x080024eb   Thumb Code    56  stm32f10x_rcc.o(.text)
    RCC_WaitForHSEStartUp                    0x08002523   Thumb Code    56  stm32f10x_rcc.o(.text)
    RCC_AdjustHSICalibrationValue            0x0800255b   Thumb Code    20  stm32f10x_rcc.o(.text)
    RCC_HSICmd                               0x0800256f   Thumb Code     6  stm32f10x_rcc.o(.text)
    RCC_PLLConfig                            0x08002575   Thumb Code    24  stm32f10x_rcc.o(.text)
    RCC_PLLCmd                               0x0800258d   Thumb Code     6  stm32f10x_rcc.o(.text)
    RCC_SYSCLKConfig                         0x08002593   Thumb Code    18  stm32f10x_rcc.o(.text)
    RCC_GetSYSCLKSource                      0x080025a5   Thumb Code    10  stm32f10x_rcc.o(.text)
    RCC_HCLKConfig                           0x080025af   Thumb Code    18  stm32f10x_rcc.o(.text)
    RCC_PCLK1Config                          0x080025c1   Thumb Code    18  stm32f10x_rcc.o(.text)
    RCC_PCLK2Config                          0x080025d3   Thumb Code    20  stm32f10x_rcc.o(.text)
    RCC_ITConfig                             0x080025e7   Thumb Code    26  stm32f10x_rcc.o(.text)
    RCC_USBCLKConfig                         0x08002601   Thumb Code     8  stm32f10x_rcc.o(.text)
    RCC_ADCCLKConfig                         0x08002609   Thumb Code    18  stm32f10x_rcc.o(.text)
    RCC_LSEConfig                            0x0800261b   Thumb Code    50  stm32f10x_rcc.o(.text)
    RCC_LSICmd                               0x0800264d   Thumb Code     6  stm32f10x_rcc.o(.text)
    RCC_RTCCLKConfig                         0x08002653   Thumb Code    12  stm32f10x_rcc.o(.text)
    RCC_RTCCLKCmd                            0x0800265f   Thumb Code     8  stm32f10x_rcc.o(.text)
    RCC_GetClocksFreq                        0x08002667   Thumb Code   192  stm32f10x_rcc.o(.text)
    RCC_AHBPeriphClockCmd                    0x08002727   Thumb Code    26  stm32f10x_rcc.o(.text)
    RCC_APB2PeriphClockCmd                   0x08002741   Thumb Code    26  stm32f10x_rcc.o(.text)
    RCC_APB1PeriphClockCmd                   0x0800275b   Thumb Code    26  stm32f10x_rcc.o(.text)
    RCC_APB2PeriphResetCmd                   0x08002775   Thumb Code    26  stm32f10x_rcc.o(.text)
    RCC_APB1PeriphResetCmd                   0x0800278f   Thumb Code    26  stm32f10x_rcc.o(.text)
    RCC_BackupResetCmd                       0x080027a9   Thumb Code     8  stm32f10x_rcc.o(.text)
    RCC_ClockSecuritySystemCmd               0x080027b1   Thumb Code     6  stm32f10x_rcc.o(.text)
    RCC_MCOConfig                            0x080027b7   Thumb Code     6  stm32f10x_rcc.o(.text)
    RCC_ClearFlag                            0x080027bd   Thumb Code    14  stm32f10x_rcc.o(.text)
    RCC_GetITStatus                          0x080027cb   Thumb Code    20  stm32f10x_rcc.o(.text)
    RCC_ClearITPendingBit                    0x080027df   Thumb Code     6  stm32f10x_rcc.o(.text)
    TIM_DeInit                               0x08002809   Thumb Code   424  stm32f10x_tim.o(.text)
    TIM_TimeBaseInit                         0x080029b1   Thumb Code   122  stm32f10x_tim.o(.text)
    TIM_OC1Init                              0x08002a2b   Thumb Code   132  stm32f10x_tim.o(.text)
    TIM_OC2Init                              0x08002aaf   Thumb Code   154  stm32f10x_tim.o(.text)
    TIM_OC3Init                              0x08002b49   Thumb Code   150  stm32f10x_tim.o(.text)
    TIM_OC4Init                              0x08002bdf   Thumb Code   182  stm32f10x_tim.o(.text)
    TIM_SetIC4Prescaler                      0x08002c95   Thumb Code    26  stm32f10x_tim.o(.text)
    TIM_SetIC3Prescaler                      0x08002d31   Thumb Code    18  stm32f10x_tim.o(.text)
    TIM_SetIC2Prescaler                      0x08002dbd   Thumb Code    26  stm32f10x_tim.o(.text)
    TIM_SetIC1Prescaler                      0x08002e59   Thumb Code    18  stm32f10x_tim.o(.text)
    TIM_ICInit                               0x08002ed7   Thumb Code   150  stm32f10x_tim.o(.text)
    TIM_PWMIConfig                           0x08002f6d   Thumb Code   124  stm32f10x_tim.o(.text)
    TIM_BDTRConfig                           0x08002fe9   Thumb Code    32  stm32f10x_tim.o(.text)
    TIM_TimeBaseStructInit                   0x08003009   Thumb Code    18  stm32f10x_tim.o(.text)
    TIM_OCStructInit                         0x0800301b   Thumb Code    20  stm32f10x_tim.o(.text)
    TIM_ICStructInit                         0x0800302f   Thumb Code    18  stm32f10x_tim.o(.text)
    TIM_BDTRStructInit                       0x08003041   Thumb Code    40  stm32f10x_tim.o(.text)
    TIM_Cmd                                  0x08003069   Thumb Code    24  stm32f10x_tim.o(.text)
    TIM_CtrlPWMOutputs                       0x08003081   Thumb Code    30  stm32f10x_tim.o(.text)
    TIM_ITConfig                             0x0800309f   Thumb Code    18  stm32f10x_tim.o(.text)
    TIM_GenerateEvent                        0x080030b1   Thumb Code     4  stm32f10x_tim.o(.text)
    TIM_DMAConfig                            0x080030b5   Thumb Code    10  stm32f10x_tim.o(.text)
    TIM_DMACmd                               0x080030bf   Thumb Code    18  stm32f10x_tim.o(.text)
    TIM_InternalClockConfig                  0x080030d1   Thumb Code    12  stm32f10x_tim.o(.text)
    TIM_SelectInputTrigger                   0x080030dd   Thumb Code    18  stm32f10x_tim.o(.text)
    TIM_ITRxExternalClockConfig              0x080030ef   Thumb Code    24  stm32f10x_tim.o(.text)
    TIM_TIxExternalClockConfig               0x08003107   Thumb Code    62  stm32f10x_tim.o(.text)
    TIM_ETRConfig                            0x08003145   Thumb Code    28  stm32f10x_tim.o(.text)
    TIM_ETRClockMode1Config                  0x08003161   Thumb Code    54  stm32f10x_tim.o(.text)
    TIM_ETRClockMode2Config                  0x08003197   Thumb Code    32  stm32f10x_tim.o(.text)
    TIM_PrescalerConfig                      0x080031b7   Thumb Code     6  stm32f10x_tim.o(.text)
    TIM_CounterModeConfig                    0x080031bd   Thumb Code    18  stm32f10x_tim.o(.text)
    TIM_EncoderInterfaceConfig               0x080031cf   Thumb Code    66  stm32f10x_tim.o(.text)
    TIM_ForcedOC1Config                      0x08003211   Thumb Code    18  stm32f10x_tim.o(.text)
    TIM_ForcedOC2Config                      0x08003223   Thumb Code    26  stm32f10x_tim.o(.text)
    TIM_ForcedOC3Config                      0x0800323d   Thumb Code    18  stm32f10x_tim.o(.text)
    TIM_ForcedOC4Config                      0x0800324f   Thumb Code    26  stm32f10x_tim.o(.text)
    TIM_ARRPreloadConfig                     0x08003269   Thumb Code    24  stm32f10x_tim.o(.text)
    TIM_SelectCOM                            0x08003281   Thumb Code    24  stm32f10x_tim.o(.text)
    TIM_SelectCCDMA                          0x08003299   Thumb Code    24  stm32f10x_tim.o(.text)
    TIM_CCPreloadControl                     0x080032b1   Thumb Code    24  stm32f10x_tim.o(.text)
    TIM_OC1PreloadConfig                     0x080032c9   Thumb Code    18  stm32f10x_tim.o(.text)
    TIM_OC2PreloadConfig                     0x080032db   Thumb Code    26  stm32f10x_tim.o(.text)
    TIM_OC3PreloadConfig                     0x080032f5   Thumb Code    18  stm32f10x_tim.o(.text)
    TIM_OC4PreloadConfig                     0x08003307   Thumb Code    26  stm32f10x_tim.o(.text)
    TIM_OC1FastConfig                        0x08003321   Thumb Code    18  stm32f10x_tim.o(.text)
    TIM_OC2FastConfig                        0x08003333   Thumb Code    26  stm32f10x_tim.o(.text)
    TIM_OC3FastConfig                        0x0800334d   Thumb Code    18  stm32f10x_tim.o(.text)
    TIM_OC4FastConfig                        0x0800335f   Thumb Code    26  stm32f10x_tim.o(.text)
    TIM_ClearOC1Ref                          0x08003379   Thumb Code    18  stm32f10x_tim.o(.text)
    TIM_ClearOC2Ref                          0x0800338b   Thumb Code    24  stm32f10x_tim.o(.text)
    TIM_ClearOC3Ref                          0x080033a3   Thumb Code    18  stm32f10x_tim.o(.text)
    TIM_ClearOC4Ref                          0x080033b5   Thumb Code    24  stm32f10x_tim.o(.text)
    TIM_OC1PolarityConfig                    0x080033cd   Thumb Code    18  stm32f10x_tim.o(.text)
    TIM_OC1NPolarityConfig                   0x080033df   Thumb Code    18  stm32f10x_tim.o(.text)
    TIM_OC2PolarityConfig                    0x080033f1   Thumb Code    26  stm32f10x_tim.o(.text)
    TIM_OC2NPolarityConfig                   0x0800340b   Thumb Code    26  stm32f10x_tim.o(.text)
    TIM_OC3PolarityConfig                    0x08003425   Thumb Code    26  stm32f10x_tim.o(.text)
    TIM_OC3NPolarityConfig                   0x0800343f   Thumb Code    26  stm32f10x_tim.o(.text)
    TIM_OC4PolarityConfig                    0x08003459   Thumb Code    26  stm32f10x_tim.o(.text)
    TIM_CCxCmd                               0x08003473   Thumb Code    30  stm32f10x_tim.o(.text)
    TIM_CCxNCmd                              0x08003491   Thumb Code    30  stm32f10x_tim.o(.text)
    TIM_SelectOCxM                           0x080034af   Thumb Code    82  stm32f10x_tim.o(.text)
    TIM_UpdateDisableConfig                  0x08003501   Thumb Code    24  stm32f10x_tim.o(.text)
    TIM_UpdateRequestConfig                  0x08003519   Thumb Code    24  stm32f10x_tim.o(.text)
    TIM_SelectHallSensor                     0x08003531   Thumb Code    24  stm32f10x_tim.o(.text)
    TIM_SelectOnePulseMode                   0x08003549   Thumb Code    18  stm32f10x_tim.o(.text)
    TIM_SelectOutputTrigger                  0x0800355b   Thumb Code    18  stm32f10x_tim.o(.text)
    TIM_SelectSlaveMode                      0x0800356d   Thumb Code    18  stm32f10x_tim.o(.text)
    TIM_SelectMasterSlaveMode                0x0800357f   Thumb Code    18  stm32f10x_tim.o(.text)
    TIM_SetCounter                           0x08003591   Thumb Code     4  stm32f10x_tim.o(.text)
    TIM_SetAutoreload                        0x08003595   Thumb Code     4  stm32f10x_tim.o(.text)
    TIM_SetCompare1                          0x08003599   Thumb Code     4  stm32f10x_tim.o(.text)
    TIM_SetCompare2                          0x0800359d   Thumb Code     4  stm32f10x_tim.o(.text)
    TIM_SetCompare3                          0x080035a1   Thumb Code     4  stm32f10x_tim.o(.text)
    TIM_SetCompare4                          0x080035a5   Thumb Code     6  stm32f10x_tim.o(.text)
    TIM_SetClockDivision                     0x080035ab   Thumb Code    18  stm32f10x_tim.o(.text)
    TIM_GetCapture1                          0x080035bd   Thumb Code     6  stm32f10x_tim.o(.text)
    TIM_GetCapture2                          0x080035c3   Thumb Code     6  stm32f10x_tim.o(.text)
    TIM_GetCapture3                          0x080035c9   Thumb Code     6  stm32f10x_tim.o(.text)
    TIM_GetCapture4                          0x080035cf   Thumb Code     8  stm32f10x_tim.o(.text)
    TIM_GetCounter                           0x080035d7   Thumb Code     6  stm32f10x_tim.o(.text)
    TIM_GetPrescaler                         0x080035dd   Thumb Code     6  stm32f10x_tim.o(.text)
    TIM_GetFlagStatus                        0x080035e3   Thumb Code    18  stm32f10x_tim.o(.text)
    TIM_ClearFlag                            0x080035f5   Thumb Code     6  stm32f10x_tim.o(.text)
    TIM_GetITStatus                          0x080035fb   Thumb Code    34  stm32f10x_tim.o(.text)
    TIM_ClearITPendingBit                    0x0800361d   Thumb Code     6  stm32f10x_tim.o(.text)
    USART_DeInit                             0x08003625   Thumb Code   134  stm32f10x_usart.o(.text)
    USART_Init                               0x080036ab   Thumb Code   210  stm32f10x_usart.o(.text)
    USART_StructInit                         0x0800377d   Thumb Code    24  stm32f10x_usart.o(.text)
    USART_ClockInit                          0x08003795   Thumb Code    34  stm32f10x_usart.o(.text)
    USART_ClockStructInit                    0x080037b7   Thumb Code    12  stm32f10x_usart.o(.text)
    USART_Cmd                                0x080037c3   Thumb Code    24  stm32f10x_usart.o(.text)
    USART_ITConfig                           0x080037db   Thumb Code    74  stm32f10x_usart.o(.text)
    USART_DMACmd                             0x08003825   Thumb Code    18  stm32f10x_usart.o(.text)
    USART_SetAddress                         0x08003837   Thumb Code    18  stm32f10x_usart.o(.text)
    USART_WakeUpConfig                       0x08003849   Thumb Code    18  stm32f10x_usart.o(.text)
    USART_ReceiverWakeUpCmd                  0x0800385b   Thumb Code    24  stm32f10x_usart.o(.text)
    USART_LINBreakDetectLengthConfig         0x08003873   Thumb Code    18  stm32f10x_usart.o(.text)
    USART_LINCmd                             0x08003885   Thumb Code    24  stm32f10x_usart.o(.text)
    USART_SendData                           0x0800389d   Thumb Code     8  stm32f10x_usart.o(.text)
    USART_ReceiveData                        0x080038a5   Thumb Code    10  stm32f10x_usart.o(.text)
    USART_SendBreak                          0x080038af   Thumb Code    10  stm32f10x_usart.o(.text)
    USART_SetGuardTime                       0x080038b9   Thumb Code    16  stm32f10x_usart.o(.text)
    USART_SetPrescaler                       0x080038c9   Thumb Code    16  stm32f10x_usart.o(.text)
    USART_SmartCardCmd                       0x080038d9   Thumb Code    24  stm32f10x_usart.o(.text)
    USART_SmartCardNACKCmd                   0x080038f1   Thumb Code    24  stm32f10x_usart.o(.text)
    USART_HalfDuplexCmd                      0x08003909   Thumb Code    24  stm32f10x_usart.o(.text)
    USART_OverSampling8Cmd                   0x08003921   Thumb Code    22  stm32f10x_usart.o(.text)
    USART_OneBitMethodCmd                    0x08003937   Thumb Code    24  stm32f10x_usart.o(.text)
    USART_IrDAConfig                         0x0800394f   Thumb Code    18  stm32f10x_usart.o(.text)
    USART_IrDACmd                            0x08003961   Thumb Code    24  stm32f10x_usart.o(.text)
    USART_GetFlagStatus                      0x08003979   Thumb Code    26  stm32f10x_usart.o(.text)
    USART_ClearFlag                          0x08003993   Thumb Code    18  stm32f10x_usart.o(.text)
    USART_GetITStatus                        0x080039a5   Thumb Code    84  stm32f10x_usart.o(.text)
    USART_ClearITPendingBit                  0x080039f9   Thumb Code    52  stm32f10x_usart.o(.text)
    DELAY_Init                               0x08003a2d   Thumb Code    50  systick.o(.text)
    delay_us                                 0x08003a5f   Thumb Code    72  systick.o(.text)
    delay_ms                                 0x08003aa7   Thumb Code    72  systick.o(.text)
    GPIO_COM_Init                            0x08003b01   Thumb Code    50  gpioinit.o(.text)
    LED_Blink                                0x08003b33   Thumb Code    54  gpioinit.o(.text)
    ADC_DMA_Init                             0x08003b6d   Thumb Code   298  adcinit.o(.text)
    TIM1_PWM_Init                            0x08003ca9   Thumb Code   336  timerinit.o(.text)
    TIM2_CAP_Init                            0x08003df9   Thumb Code   182  timerinit.o(.text)
    TIM3_Init                                0x08003eaf   Thumb Code    88  timerinit.o(.text)
    USART1_Init                              0x08003f21   Thumb Code   168  usartinit.o(.text)
    __use_two_region_memory                  0x08003fd1   Thumb Code     2  heapauxi.o(.text)
    __rt_heap_escrow$2region                 0x08003fd3   Thumb Code     2  heapauxi.o(.text)
    __rt_heap_expand$2region                 0x08003fd5   Thumb Code     2  heapauxi.o(.text)
    __user_setup_stackheap                   0x08003fd7   Thumb Code    74  sys_stackheap_outer.o(.text)
    exit                                     0x08004021   Thumb Code    18  exit.o(.text)
    __user_libspace                          0x08004035   Thumb Code     8  libspace.o(.text)
    __user_perproc_libspace                  0x08004035   Thumb Code     0  libspace.o(.text)
    __user_perthread_libspace                0x08004035   Thumb Code     0  libspace.o(.text)
    _sys_exit                                0x0800403d   Thumb Code     8  sys_exit.o(.text)
    __I$use$semihosting                      0x08004049   Thumb Code     0  use_no_semi.o(.text)
    __use_no_semihosting_swi                 0x08004049   Thumb Code     2  use_no_semi.o(.text)
    __semihosting_library_function           0x0800404b   Thumb Code     0  indicate_semi.o(.text)
    __aeabi_dadd                             0x0800404d   Thumb Code     0  daddsub_clz.o(x$fpl$dadd)
    _dadd                                    0x0800404d   Thumb Code   332  daddsub_clz.o(x$fpl$dadd)
    __aeabi_ddiv                             0x0800419d   Thumb Code     0  ddiv.o(x$fpl$ddiv)
    _ddiv                                    0x0800419d   Thumb Code   552  ddiv.o(x$fpl$ddiv)
    __aeabi_d2uiz                            0x0800444d   Thumb Code     0  dfixu.o(x$fpl$dfixu)
    _dfixu                                   0x0800444d   Thumb Code    90  dfixu.o(x$fpl$dfixu)
    __aeabi_i2d                              0x080044a7   Thumb Code     0  dflt_clz.o(x$fpl$dflt)
    _dflt                                    0x080044a7   Thumb Code    46  dflt_clz.o(x$fpl$dflt)
    __aeabi_ui2d                             0x080044d5   Thumb Code     0  dflt_clz.o(x$fpl$dfltu)
    _dfltu                                   0x080044d5   Thumb Code    38  dflt_clz.o(x$fpl$dfltu)
    __aeabi_dmul                             0x080044fd   Thumb Code     0  dmul.o(x$fpl$dmul)
    _dmul                                    0x080044fd   Thumb Code   332  dmul.o(x$fpl$dmul)
    __fpl_dnaninf                            0x08004651   Thumb Code   156  dnaninf.o(x$fpl$dnaninf)
    __fpl_dretinf                            0x080046ed   Thumb Code    12  dretinf.o(x$fpl$dretinf)
    __aeabi_dsub                             0x080046f9   Thumb Code     0  daddsub_clz.o(x$fpl$dsub)
    _dsub                                    0x080046f9   Thumb Code   464  daddsub_clz.o(x$fpl$dsub)
    __aeabi_f2uiz                            0x080048cd   Thumb Code     0  ffixu.o(x$fpl$ffixu)
    _ffixu                                   0x080048cd   Thumb Code    62  ffixu.o(x$fpl$ffixu)
    __aeabi_ui2f                             0x0800490d   Thumb Code     0  fflt_clz.o(x$fpl$ffltu)
    _ffltu                                   0x0800490d   Thumb Code    38  fflt_clz.o(x$fpl$ffltu)
    __aeabi_fmul                             0x08004935   Thumb Code     0  fmul.o(x$fpl$fmul)
    _fmul                                    0x08004935   Thumb Code   258  fmul.o(x$fpl$fmul)
    __fpl_fnaninf                            0x08004a37   Thumb Code   140  fnaninf.o(x$fpl$fnaninf)
    __fpl_fretinf                            0x08004ac3   Thumb Code    10  fretinf.o(x$fpl$fretinf)
    Region$$Table$$Base                      0x08004acc   Number         0  anon$$obj.o(Region$$Table)
    __I$use$fp                               0x08004acc   Number         0  usenofp.o(x$fpl$usenofp)
    Region$$Table$$Limit                     0x08004aec   Number         0  anon$$obj.o(Region$$Table)
    OFFSET_A                                 0x20000000   Data           2  addfunction.o(.data)
    OFFSET_B                                 0x20000002   Data           2  addfunction.o(.data)
    OFFSET_C                                 0x20000004   Data           2  addfunction.o(.data)
    OFFSET_N                                 0x20000006   Data           2  addfunction.o(.data)
    OFFSET_I                                 0x20000008   Data           2  addfunction.o(.data)
    PPM_Duty                                 0x2000000e   Data           2  stm32f10x_it.o(.data)
    DELAY_CTL                                0x20000010   Data           2  stm32f10x_it.o(.data)
    START_FLAG                               0x20000012   Data           2  stm32f10x_it.o(.data)
    SystemCoreClock                          0x2000001c   Data           4  system_stm32f10x.o(.data)
    AHBPrescTable                            0x20000020   Data          16  system_stm32f10x.o(.data)
    MC                                       0x20000048   Data          28  motorcontrol.o(.bss)
    ADC_Data                                 0x20000064   Data          12  adcinit.o(.bss)
    __libspace_start                         0x20000070   Data          96  libspace.o(.bss)
    __temporary_stack_top$libspace           0x200000d0   Data           0  libspace.o(.bss)



==============================================================================

Memory Map of the image

  Image Entry point : 0x080000ed

  Load Region LR_IROM1 (Base: 0x08000000, Size: 0x00004b34, Max: 0x00008000, ABSOLUTE)

    Execution Region ER_IROM1 (Exec base: 0x08000000, Load base: 0x08000000, Size: 0x00004aec, Max: 0x00008000, ABSOLUTE)

    Exec Addr    Load Addr    Size         Type   Attr      Idx    E Section Name        Object

    0x08000000   0x08000000   0x000000ec   Data   RO          258    RESET               startup_stm32f10x_ld.o
    0x080000ec   0x080000ec   0x00000008   Code   RO          613  * !!!main             c_w.l(__main.o)
    0x080000f4   0x080000f4   0x00000034   Code   RO          815    !!!scatter          c_w.l(__scatter.o)
    0x08000128   0x08000128   0x0000001a   Code   RO          817    !!handler_copy      c_w.l(__scatter_copy.o)
    0x08000142   0x08000142   0x00000002   PAD
    0x08000144   0x08000144   0x0000001c   Code   RO          819    !!handler_zi        c_w.l(__scatter_zi.o)
    0x08000160   0x08000160   0x00000002   Code   RO          683    .ARM.Collect$$libinit$$00000000  c_w.l(libinit.o)
    0x08000162   0x08000162   0x00000000   Code   RO          690    .ARM.Collect$$libinit$$00000002  c_w.l(libinit2.o)
    0x08000162   0x08000162   0x00000000   Code   RO          692    .ARM.Collect$$libinit$$00000004  c_w.l(libinit2.o)
    0x08000162   0x08000162   0x00000000   Code   RO          695    .ARM.Collect$$libinit$$0000000A  c_w.l(libinit2.o)
    0x08000162   0x08000162   0x00000000   Code   RO          697    .ARM.Collect$$libinit$$0000000C  c_w.l(libinit2.o)
    0x08000162   0x08000162   0x00000000   Code   RO          699    .ARM.Collect$$libinit$$0000000E  c_w.l(libinit2.o)
    0x08000162   0x08000162   0x00000000   Code   RO          702    .ARM.Collect$$libinit$$00000011  c_w.l(libinit2.o)
    0x08000162   0x08000162   0x00000000   Code   RO          704    .ARM.Collect$$libinit$$00000013  c_w.l(libinit2.o)
    0x08000162   0x08000162   0x00000000   Code   RO          706    .ARM.Collect$$libinit$$00000015  c_w.l(libinit2.o)
    0x08000162   0x08000162   0x00000000   Code   RO          708    .ARM.Collect$$libinit$$00000017  c_w.l(libinit2.o)
    0x08000162   0x08000162   0x00000000   Code   RO          710    .ARM.Collect$$libinit$$00000019  c_w.l(libinit2.o)
    0x08000162   0x08000162   0x00000000   Code   RO          712    .ARM.Collect$$libinit$$0000001B  c_w.l(libinit2.o)
    0x08000162   0x08000162   0x00000000   Code   RO          714    .ARM.Collect$$libinit$$0000001D  c_w.l(libinit2.o)
    0x08000162   0x08000162   0x00000000   Code   RO          716    .ARM.Collect$$libinit$$0000001F  c_w.l(libinit2.o)
    0x08000162   0x08000162   0x00000000   Code   RO          718    .ARM.Collect$$libinit$$00000021  c_w.l(libinit2.o)
    0x08000162   0x08000162   0x00000000   Code   RO          720    .ARM.Collect$$libinit$$00000023  c_w.l(libinit2.o)
    0x08000162   0x08000162   0x00000000   Code   RO          722    .ARM.Collect$$libinit$$00000025  c_w.l(libinit2.o)
    0x08000162   0x08000162   0x00000000   Code   RO          726    .ARM.Collect$$libinit$$0000002C  c_w.l(libinit2.o)
    0x08000162   0x08000162   0x00000000   Code   RO          728    .ARM.Collect$$libinit$$0000002E  c_w.l(libinit2.o)
    0x08000162   0x08000162   0x00000000   Code   RO          730    .ARM.Collect$$libinit$$00000030  c_w.l(libinit2.o)
    0x08000162   0x08000162   0x00000000   Code   RO          732    .ARM.Collect$$libinit$$00000032  c_w.l(libinit2.o)
    0x08000162   0x08000162   0x00000002   Code   RO          733    .ARM.Collect$$libinit$$00000033  c_w.l(libinit2.o)
    0x08000164   0x08000164   0x00000002   Code   RO          753    .ARM.Collect$$libshutdown$$00000000  c_w.l(libshutdown.o)
    0x08000166   0x08000166   0x00000000   Code   RO          766    .ARM.Collect$$libshutdown$$00000002  c_w.l(libshutdown2.o)
    0x08000166   0x08000166   0x00000000   Code   RO          768    .ARM.Collect$$libshutdown$$00000004  c_w.l(libshutdown2.o)
    0x08000166   0x08000166   0x00000000   Code   RO          770    .ARM.Collect$$libshutdown$$00000006  c_w.l(libshutdown2.o)
    0x08000166   0x08000166   0x00000000   Code   RO          773    .ARM.Collect$$libshutdown$$00000009  c_w.l(libshutdown2.o)
    0x08000166   0x08000166   0x00000000   Code   RO          776    .ARM.Collect$$libshutdown$$0000000C  c_w.l(libshutdown2.o)
    0x08000166   0x08000166   0x00000000   Code   RO          778    .ARM.Collect$$libshutdown$$0000000E  c_w.l(libshutdown2.o)
    0x08000166   0x08000166   0x00000000   Code   RO          781    .ARM.Collect$$libshutdown$$00000011  c_w.l(libshutdown2.o)
    0x08000166   0x08000166   0x00000002   Code   RO          782    .ARM.Collect$$libshutdown$$00000012  c_w.l(libshutdown2.o)
    0x08000168   0x08000168   0x00000000   Code   RO          649    .ARM.Collect$$rtentry$$00000000  c_w.l(__rtentry.o)
    0x08000168   0x08000168   0x00000000   Code   RO          660    .ARM.Collect$$rtentry$$00000002  c_w.l(__rtentry2.o)
    0x08000168   0x08000168   0x00000006   Code   RO          672    .ARM.Collect$$rtentry$$00000004  c_w.l(__rtentry4.o)
    0x0800016e   0x0800016e   0x00000000   Code   RO          662    .ARM.Collect$$rtentry$$00000009  c_w.l(__rtentry2.o)
    0x0800016e   0x0800016e   0x00000004   Code   RO          663    .ARM.Collect$$rtentry$$0000000A  c_w.l(__rtentry2.o)
    0x08000172   0x08000172   0x00000000   Code   RO          665    .ARM.Collect$$rtentry$$0000000C  c_w.l(__rtentry2.o)
    0x08000172   0x08000172   0x00000008   Code   RO          666    .ARM.Collect$$rtentry$$0000000D  c_w.l(__rtentry2.o)
    0x0800017a   0x0800017a   0x00000002   Code   RO          687    .ARM.Collect$$rtexit$$00000000  c_w.l(rtexit.o)
    0x0800017c   0x0800017c   0x00000000   Code   RO          735    .ARM.Collect$$rtexit$$00000002  c_w.l(rtexit2.o)
    0x0800017c   0x0800017c   0x00000004   Code   RO          736    .ARM.Collect$$rtexit$$00000003  c_w.l(rtexit2.o)
    0x08000180   0x08000180   0x00000006   Code   RO          737    .ARM.Collect$$rtexit$$00000004  c_w.l(rtexit2.o)
    0x08000186   0x08000186   0x00000002   PAD
    0x08000188   0x08000188   0x00000124   Code   RO            1    .text               main.o
    0x080002ac   0x080002ac   0x00000480   Code   RO          136    .text               motorcontrol.o
    0x0800072c   0x0800072c   0x00000c88   Code   RO          154    .text               addfunction.o
    0x080013b4   0x080013b4   0x000003b4   Code   RO          172    .text               stm32f10x_it.o
    0x08001768   0x08001768   0x000001e0   Code   RO          227    .text               system_stm32f10x.o
    0x08001948   0x08001948   0x00000040   Code   RO          259    .text               startup_stm32f10x_ld.o
    0x08001988   0x08001988   0x000000dc   Code   RO          263    .text               misc.o
    0x08001a64   0x08001a64   0x0000044e   Code   RO          275    .text               stm32f10x_adc.o
    0x08001eb2   0x08001eb2   0x00000002   PAD
    0x08001eb4   0x08001eb4   0x00000254   Code   RO          359    .text               stm32f10x_dma.o
    0x08002108   0x08002108   0x0000035c   Code   RO          407    .text               stm32f10x_gpio.o
    0x08002464   0x08002464   0x000003a4   Code   RO          455    .text               stm32f10x_rcc.o
    0x08002808   0x08002808   0x00000e1a   Code   RO          505    .text               stm32f10x_tim.o
    0x08003622   0x08003622   0x00000002   PAD
    0x08003624   0x08003624   0x00000408   Code   RO          517    .text               stm32f10x_usart.o
    0x08003a2c   0x08003a2c   0x000000d4   Code   RO          541    .text               systick.o
    0x08003b00   0x08003b00   0x0000006c   Code   RO          555    .text               gpioinit.o
    0x08003b6c   0x08003b6c   0x0000013c   Code   RO          567    .text               adcinit.o
    0x08003ca8   0x08003ca8   0x00000278   Code   RO          585    .text               timerinit.o
    0x08003f20   0x08003f20   0x000000b0   Code   RO          597    .text               usartinit.o
    0x08003fd0   0x08003fd0   0x00000006   Code   RO          611    .text               c_w.l(heapauxi.o)
    0x08003fd6   0x08003fd6   0x0000004a   Code   RO          674    .text               c_w.l(sys_stackheap_outer.o)
    0x08004020   0x08004020   0x00000012   Code   RO          676    .text               c_w.l(exit.o)
    0x08004032   0x08004032   0x00000002   PAD
    0x08004034   0x08004034   0x00000008   Code   RO          684    .text               c_w.l(libspace.o)
    0x0800403c   0x0800403c   0x0000000c   Code   RO          745    .text               c_w.l(sys_exit.o)
    0x08004048   0x08004048   0x00000002   Code   RO          756    .text               c_w.l(use_no_semi.o)
    0x0800404a   0x0800404a   0x00000000   Code   RO          758    .text               c_w.l(indicate_semi.o)
    0x0800404a   0x0800404a   0x00000002   PAD
    0x0800404c   0x0800404c   0x00000150   Code   RO          615    x$fpl$dadd          fz_ws.l(daddsub_clz.o)
    0x0800419c   0x0800419c   0x000002b0   Code   RO          622    x$fpl$ddiv          fz_ws.l(ddiv.o)
    0x0800444c   0x0800444c   0x0000005a   Code   RO          625    x$fpl$dfixu         fz_ws.l(dfixu.o)
    0x080044a6   0x080044a6   0x0000002e   Code   RO          630    x$fpl$dflt          fz_ws.l(dflt_clz.o)
    0x080044d4   0x080044d4   0x00000026   Code   RO          629    x$fpl$dfltu         fz_ws.l(dflt_clz.o)
    0x080044fa   0x080044fa   0x00000002   PAD
    0x080044fc   0x080044fc   0x00000154   Code   RO          635    x$fpl$dmul          fz_ws.l(dmul.o)
    0x08004650   0x08004650   0x0000009c   Code   RO          650    x$fpl$dnaninf       fz_ws.l(dnaninf.o)
    0x080046ec   0x080046ec   0x0000000c   Code   RO          652    x$fpl$dretinf       fz_ws.l(dretinf.o)
    0x080046f8   0x080046f8   0x000001d4   Code   RO          617    x$fpl$dsub          fz_ws.l(daddsub_clz.o)
    0x080048cc   0x080048cc   0x0000003e   Code   RO          637    x$fpl$ffixu         fz_ws.l(ffixu.o)
    0x0800490a   0x0800490a   0x00000002   PAD
    0x0800490c   0x0800490c   0x00000026   Code   RO          641    x$fpl$ffltu         fz_ws.l(fflt_clz.o)
    0x08004932   0x08004932   0x00000002   PAD
    0x08004934   0x08004934   0x00000102   Code   RO          647    x$fpl$fmul          fz_ws.l(fmul.o)
    0x08004a36   0x08004a36   0x0000008c   Code   RO          654    x$fpl$fnaninf       fz_ws.l(fnaninf.o)
    0x08004ac2   0x08004ac2   0x0000000a   Code   RO          656    x$fpl$fretinf       fz_ws.l(fretinf.o)
    0x08004acc   0x08004acc   0x00000000   Code   RO          658    x$fpl$usenofp       fz_ws.l(usenofp.o)
    0x08004acc   0x08004acc   0x00000020   Data   RO          813    Region$$Table       anon$$obj.o


    Execution Region RW_IRAM1 (Exec base: 0x20000000, Load base: 0x08004aec, Size: 0x000006d0, Max: 0x00002800, ABSOLUTE)

    Exec Addr    Load Addr    Size         Type   Attr      Idx    E Section Name        Object

    0x20000000   0x08004aec   0x0000000a   Data   RW          155    .data               addfunction.o
    0x2000000a   0x08004af6   0x00000012   Data   RW          173    .data               stm32f10x_it.o
    0x2000001c   0x08004b08   0x00000014   Data   RW          228    .data               system_stm32f10x.o
    0x20000030   0x08004b1c   0x00000014   Data   RW          456    .data               stm32f10x_rcc.o
    0x20000044   0x08004b30   0x00000004   Data   RW          542    .data               systick.o
    0x20000048        -       0x0000001c   Zero   RW          137    .bss                motorcontrol.o
    0x20000064        -       0x0000000c   Zero   RW          568    .bss                adcinit.o
    0x20000070        -       0x00000060   Zero   RW          685    .bss                c_w.l(libspace.o)
    0x200000d0        -       0x00000200   Zero   RW          257    HEAP                startup_stm32f10x_ld.o
    0x200002d0        -       0x00000400   Zero   RW          256    STACK               startup_stm32f10x_ld.o


==============================================================================

Image component sizes


      Code (inc. data)   RO Data    RW Data    ZI Data      Debug   Object Name

       316         18          0          0         12       1166   adcinit.o
      3208         84          0         10          0       2902   addfunction.o
         0          0          0          0          0         32   core_cm3.o
       108          4          0          0          0        678   gpioinit.o
       292         20          0          0          0     269975   main.o
       220         22          0          0          0       1669   misc.o
      1152         44          0          0         28       4245   motorcontrol.o
        64         26        236          0       1536        768   startup_stm32f10x_ld.o
      1102         26          0          0          0      10913   stm32f10x_adc.o
       596          8          0          0          0       4234   stm32f10x_dma.o
       860         38          0          0          0       5605   stm32f10x_gpio.o
       948         98          0         18          0     203935   stm32f10x_it.o
       932         36          0         20          0       8740   stm32f10x_rcc.o
      3610         88          0          0          0      22712   stm32f10x_tim.o
      1032         22          0          0          0       8328   stm32f10x_usart.o
       480         38          0         20          0       1635   system_stm32f10x.o
       212         18          0          4          0        967   systick.o
       632         26          0          0          0       1608   timerinit.o
       176          8          0          0          0        674   usartinit.o

    ----------------------------------------------------------------------
     15944        624        268         72       1576     550786   Object Totals
         0          0         32          0          0          0   (incl. Generated)
         4          0          0          0          0          0   (incl. Padding)

    ----------------------------------------------------------------------

      Code (inc. data)   RO Data    RW Data    ZI Data      Debug   Library Member Name

         8          0          0          0          0         68   __main.o
         0          0          0          0          0          0   __rtentry.o
        12          0          0          0          0          0   __rtentry2.o
         6          0          0          0          0          0   __rtentry4.o
        52          8          0          0          0          0   __scatter.o
        26          0          0          0          0          0   __scatter_copy.o
        28          0          0          0          0          0   __scatter_zi.o
        18          0          0          0          0         80   exit.o
         6          0          0          0          0        152   heapauxi.o
         0          0          0          0          0          0   indicate_semi.o
         2          0          0          0          0          0   libinit.o
         2          0          0          0          0          0   libinit2.o
         2          0          0          0          0          0   libshutdown.o
         2          0          0          0          0          0   libshutdown2.o
         8          4          0          0         96         68   libspace.o
         2          0          0          0          0          0   rtexit.o
        10          0          0          0          0          0   rtexit2.o
        12          4          0          0          0         68   sys_exit.o
        74          0          0          0          0         80   sys_stackheap_outer.o
         2          0          0          0          0         68   use_no_semi.o
       804         16          0          0          0        272   daddsub_clz.o
       688        140          0          0          0        208   ddiv.o
        90          4          0          0          0         92   dfixu.o
        84          0          0          0          0        136   dflt_clz.o
       340         12          0          0          0        104   dmul.o
       156          4          0          0          0         92   dnaninf.o
        12          0          0          0          0         68   dretinf.o
        62          4          0          0          0         84   ffixu.o
        38          0          0          0          0         68   fflt_clz.o
       258          4          0          0          0         84   fmul.o
       140          4          0          0          0         84   fnaninf.o
        10          0          0          0          0         68   fretinf.o
         0          0          0          0          0          0   usenofp.o

    ----------------------------------------------------------------------
      2968        204          0          0         96       1944   Library Totals
        14          0          0          0          0          0   (incl. Padding)

    ----------------------------------------------------------------------

      Code (inc. data)   RO Data    RW Data    ZI Data      Debug   Library Name

       272         16          0          0         96        584   c_w.l
      2682        188          0          0          0       1360   fz_ws.l

    ----------------------------------------------------------------------
      2968        204          0          0         96       1944   Library Totals

    ----------------------------------------------------------------------

==============================================================================


      Code (inc. data)   RO Data    RW Data    ZI Data      Debug   

     18912        828        268         72       1672     550334   Grand Totals
     18912        828        268         72       1672     550334   ELF Image Totals
     18912        828        268         72          0          0   ROM Totals

==============================================================================

    Total RO  Size (Code + RO Data)                19180 (  18.73kB)
    Total RW  Size (RW Data + ZI Data)              1744 (   1.70kB)
    Total ROM Size (Code + RO Data + RW Data)      19252 (  18.80kB)

==============================================================================

